2026-05-13 13:17:44 [ERROR]: Failed to initialize Firebase Admin SDK: Failed to parse private key: Error: Too few bytes to parse DER. {"errorInfo":{"code":"app/invalid-credential","message":"Failed to parse private key: Error: Too few bytes to parse DER."},"codePrefix":"app","stack":"Error: Failed to parse private key: Error: Too few bytes to parse DER.\n    at new ServiceAccount (/home/philip/beavers/beavers-backend/node_modules/firebase-admin/lib/app/credential-internal.js:182:19)\n    at new ServiceAccountCredential (/home/philip/beavers/beavers-backend/node_modules/firebase-admin/lib/app/credential-internal.js:118:15)\n    at Object.cert (/home/philip/beavers/beavers-backend/node_modules/firebase-admin/lib/app/credential-factory.js:105:54)\n    at Object.<anonymous> (/home/philip/beavers/beavers-backend/services/notification.service.js:15:36)\n    at Module._compile (node:internal/modules/cjs/loader:1829:14)\n    at Object..js (node:internal/modules/cjs/loader:1969:10)\n    at Module.load (node:internal/modules/cjs/loader:1552:32)\n    at Module._load (node:internal/modules/cjs/loader:1354:12)\n    at wrapModuleLoad (node:internal/modules/cjs/loader:255:19)\n    at Module.require (node:internal/modules/cjs/loader:1575:12)"}
2026-05-13 13:17:59 [INFO]: ... end of ther server call.. 
2026-05-13 13:17:59 [INFO]: Database pool connected 
2026-05-13 13:17:59 [INFO]: Database extensions initialized 
2026-05-13 13:17:59 [INFO]: Database connected successfully at Wed May 13 2026 13:17:59 GMT+0100 (West Africa Time) 
2026-05-13 13:17:59 [INFO]: Database connected successfully 
2026-05-13 13:17:59 [INFO]: Redis connecting... 
2026-05-13 13:18:00 [INFO]: Redis connected successfully 
2026-05-13 13:18:00 [INFO]: Redis initialized and connected 
2026-05-13 13:18:00 [INFO]: Redis connected successfully 
2026-05-13 13:18:00 [INFO]: Socket.IO server initialized 
2026-05-13 13:18:00 [INFO]: getting to  port .. 
2026-05-13 13:18:00 [INFO]: Server running on port 3000 
2026-05-13 13:19:07 [ERROR]: Failed to initialize Firebase Admin SDK: Failed to parse private key: Error: Too few bytes to parse DER. {"errorInfo":{"code":"app/invalid-credential","message":"Failed to parse private key: Error: Too few bytes to parse DER."},"codePrefix":"app","stack":"Error: Failed to parse private key: Error: Too few bytes to parse DER.\n    at new ServiceAccount (/home/philip/beavers/beavers-backend/node_modules/firebase-admin/lib/app/credential-internal.js:182:19)\n    at new ServiceAccountCredential (/home/philip/beavers/beavers-backend/node_modules/firebase-admin/lib/app/credential-internal.js:118:15)\n    at Object.cert (/home/philip/beavers/beavers-backend/node_modules/firebase-admin/lib/app/credential-factory.js:105:54)\n    at Object.<anonymous> (/home/philip/beavers/beavers-backend/services/notification.service.js:15:36)\n    at Module._compile (node:internal/modules/cjs/loader:1829:14)\n    at Object..js (node:internal/modules/cjs/loader:1969:10)\n    at Module.load (node:internal/modules/cjs/loader:1552:32)\n    at Module._load (node:internal/modules/cjs/loader:1354:12)\n    at wrapModuleLoad (node:internal/modules/cjs/loader:255:19)\n    at Module.require (node:internal/modules/cjs/loader:1575:12)"}
2026-05-13 13:19:08 [INFO]: ... end of ther server call.. 
2026-05-13 13:19:08 [INFO]: Database pool connected 
2026-05-13 13:19:08 [INFO]: Database extensions initialized 
2026-05-13 13:19:08 [INFO]: Database connected successfully at Wed May 13 2026 13:19:08 GMT+0100 (West Africa Time) 
2026-05-13 13:19:08 [INFO]: Database connected successfully 
2026-05-13 13:19:08 [INFO]: Redis connecting... 
2026-05-13 13:19:08 [INFO]: Redis connected successfully 
2026-05-13 13:19:08 [INFO]: Redis initialized and connected 
2026-05-13 13:19:08 [INFO]: Redis connected successfully 
2026-05-13 13:19:08 [INFO]: Socket.IO server initialized 
2026-05-13 13:19:08 [INFO]: getting to  port .. 
2026-05-13 13:19:08 [INFO]: Server running on port 3000 
2026-05-13 13:19:21 [ERROR]: Failed to initialize Firebase Admin SDK: Failed to parse private key: Error: Too few bytes to parse DER. {"errorInfo":{"code":"app/invalid-credential","message":"Failed to parse private key: Error: Too few bytes to parse DER."},"codePrefix":"app","stack":"Error: Failed to parse private key: Error: Too few bytes to parse DER.\n    at new ServiceAccount (/home/philip/beavers/beavers-backend/node_modules/firebase-admin/lib/app/credential-internal.js:182:19)\n    at new ServiceAccountCredential (/home/philip/beavers/beavers-backend/node_modules/firebase-admin/lib/app/credential-internal.js:118:15)\n    at Object.cert (/home/philip/beavers/beavers-backend/node_modules/firebase-admin/lib/app/credential-factory.js:105:54)\n    at Object.<anonymous> (/home/philip/beavers/beavers-backend/services/notification.service.js:15:36)\n    at Module._compile (node:internal/modules/cjs/loader:1829:14)\n    at Object..js (node:internal/modules/cjs/loader:1969:10)\n    at Module.load (node:internal/modules/cjs/loader:1552:32)\n    at Module._load (node:internal/modules/cjs/loader:1354:12)\n    at wrapModuleLoad (node:internal/modules/cjs/loader:255:19)\n    at Module.require (node:internal/modules/cjs/loader:1575:12)"}
2026-05-13 13:19:22 [INFO]: ... end of ther server call.. 
2026-05-13 13:19:22 [INFO]: Database pool connected 
2026-05-13 13:19:22 [INFO]: Database extensions initialized 
2026-05-13 13:19:22 [INFO]: Database connected successfully at Wed May 13 2026 13:19:22 GMT+0100 (West Africa Time) 
2026-05-13 13:19:22 [INFO]: Database connected successfully 
2026-05-13 13:19:22 [INFO]: Redis connecting... 
2026-05-13 13:19:22 [INFO]: Redis connected successfully 
2026-05-13 13:19:22 [INFO]: Redis initialized and connected 
2026-05-13 13:19:22 [INFO]: Redis connected successfully 
2026-05-13 13:19:22 [INFO]: Socket.IO server initialized 
2026-05-13 13:19:22 [INFO]: getting to  port .. 
2026-05-13 13:19:22 [INFO]: Server running on port 3000 
2026-05-13 13:20:29 [ERROR]: Failed to initialize Firebase Admin SDK: Failed to parse private key: Error: Too few bytes to parse DER. {"errorInfo":{"code":"app/invalid-credential","message":"Failed to parse private key: Error: Too few bytes to parse DER."},"codePrefix":"app","stack":"Error: Failed to parse private key: Error: Too few bytes to parse DER.\n    at new ServiceAccount (/home/philip/beavers/beavers-backend/node_modules/firebase-admin/lib/app/credential-internal.js:182:19)\n    at new ServiceAccountCredential (/home/philip/beavers/beavers-backend/node_modules/firebase-admin/lib/app/credential-internal.js:118:15)\n    at Object.cert (/home/philip/beavers/beavers-backend/node_modules/firebase-admin/lib/app/credential-factory.js:105:54)\n    at Object.<anonymous> (/home/philip/beavers/beavers-backend/services/notification.service.js:15:36)\n    at Module._compile (node:internal/modules/cjs/loader:1829:14)\n    at Object..js (node:internal/modules/cjs/loader:1969:10)\n    at Module.load (node:internal/modules/cjs/loader:1552:32)\n    at Module._load (node:internal/modules/cjs/loader:1354:12)\n    at wrapModuleLoad (node:internal/modules/cjs/loader:255:19)\n    at Module.require (node:internal/modules/cjs/loader:1575:12)"}
2026-05-13 13:20:30 [INFO]: ... end of ther server call.. 
2026-05-13 13:20:30 [INFO]: Database pool connected 
2026-05-13 13:20:30 [INFO]: Database extensions initialized 
2026-05-13 13:20:30 [INFO]: Database connected successfully at Wed May 13 2026 13:20:30 GMT+0100 (West Africa Time) 
2026-05-13 13:20:30 [INFO]: Database connected successfully 
2026-05-13 13:20:30 [INFO]: Redis connecting... 
2026-05-13 13:20:30 [INFO]: Redis connected successfully 
2026-05-13 13:20:30 [INFO]: Redis initialized and connected 
2026-05-13 13:20:30 [INFO]: Redis connected successfully 
2026-05-13 13:20:30 [INFO]: Socket.IO server initialized 
2026-05-13 13:20:30 [INFO]: getting to  port .. 
2026-05-13 13:20:30 [INFO]: Server running on port 3000 
2026-05-13 13:23:07 [ERROR]: Failed to initialize Firebase Admin SDK: Failed to parse private key: Error: Too few bytes to parse DER. {"errorInfo":{"code":"app/invalid-credential","message":"Failed to parse private key: Error: Too few bytes to parse DER."},"codePrefix":"app","stack":"Error: Failed to parse private key: Error: Too few bytes to parse DER.\n    at new ServiceAccount (/home/philip/beavers/beavers-backend/node_modules/firebase-admin/lib/app/credential-internal.js:182:19)\n    at new ServiceAccountCredential (/home/philip/beavers/beavers-backend/node_modules/firebase-admin/lib/app/credential-internal.js:118:15)\n    at Object.cert (/home/philip/beavers/beavers-backend/node_modules/firebase-admin/lib/app/credential-factory.js:105:54)\n    at Object.<anonymous> (/home/philip/beavers/beavers-backend/services/notification.service.js:15:36)\n    at Module._compile (node:internal/modules/cjs/loader:1829:14)\n    at Object..js (node:internal/modules/cjs/loader:1969:10)\n    at Module.load (node:internal/modules/cjs/loader:1552:32)\n    at Module._load (node:internal/modules/cjs/loader:1354:12)\n    at wrapModuleLoad (node:internal/modules/cjs/loader:255:19)\n    at Module.require (node:internal/modules/cjs/loader:1575:12)"}
2026-05-13 13:23:08 [INFO]: ... end of ther server call.. 
2026-05-13 13:23:08 [INFO]: Database pool connected 
2026-05-13 13:23:08 [INFO]: Database extensions initialized 
2026-05-13 13:23:08 [INFO]: Database connected successfully at Wed May 13 2026 13:23:08 GMT+0100 (West Africa Time) 
2026-05-13 13:23:08 [INFO]: Database connected successfully 
2026-05-13 13:23:08 [INFO]: Redis connecting... 
2026-05-13 13:23:08 [INFO]: Redis connected successfully 
2026-05-13 13:23:08 [INFO]: Redis initialized and connected 
2026-05-13 13:23:08 [INFO]: Redis connected successfully 
2026-05-13 13:23:08 [INFO]: Socket.IO server initialized 
2026-05-13 13:23:08 [INFO]: getting to  port .. 
2026-05-13 13:23:08 [INFO]: Server running on port 3000 
2026-05-13 13:25:11 [ERROR]: Failed to initialize Firebase Admin SDK: Failed to parse private key: Error: Too few bytes to parse DER. {"errorInfo":{"code":"app/invalid-credential","message":"Failed to parse private key: Error: Too few bytes to parse DER."},"codePrefix":"app","stack":"Error: Failed to parse private key: Error: Too few bytes to parse DER.\n    at new ServiceAccount (/home/philip/beavers/beavers-backend/node_modules/firebase-admin/lib/app/credential-internal.js:182:19)\n    at new ServiceAccountCredential (/home/philip/beavers/beavers-backend/node_modules/firebase-admin/lib/app/credential-internal.js:118:15)\n    at Object.cert (/home/philip/beavers/beavers-backend/node_modules/firebase-admin/lib/app/credential-factory.js:105:54)\n    at Object.<anonymous> (/home/philip/beavers/beavers-backend/services/notification.service.js:16:36)\n    at Module._compile (node:internal/modules/cjs/loader:1829:14)\n    at Object..js (node:internal/modules/cjs/loader:1969:10)\n    at Module.load (node:internal/modules/cjs/loader:1552:32)\n    at Module._load (node:internal/modules/cjs/loader:1354:12)\n    at wrapModuleLoad (node:internal/modules/cjs/loader:255:19)\n    at Module.require (node:internal/modules/cjs/loader:1575:12)"}
2026-05-13 13:25:11 [INFO]: ... end of ther server call.. 
2026-05-13 13:25:11 [INFO]: Database pool connected 
2026-05-13 13:25:11 [INFO]: Database extensions initialized 
2026-05-13 13:25:11 [INFO]: Database connected successfully at Wed May 13 2026 13:25:11 GMT+0100 (West Africa Time) 
2026-05-13 13:25:11 [INFO]: Database connected successfully 
2026-05-13 13:25:11 [INFO]: Redis connecting... 
2026-05-13 13:25:11 [INFO]: Redis connected successfully 
2026-05-13 13:25:11 [INFO]: Redis initialized and connected 
2026-05-13 13:25:11 [INFO]: Redis connected successfully 
2026-05-13 13:25:11 [INFO]: Socket.IO server initialized 
2026-05-13 13:25:11 [INFO]: getting to  port .. 
2026-05-13 13:25:11 [INFO]: Server running on port 3000 
2026-05-13 13:25:46 [ERROR]: Failed to initialize Firebase Admin SDK: Service account object must contain a string "project_id" property. {"errorInfo":{"code":"app/invalid-credential","message":"Service account object must contain a string \"project_id\" property."},"codePrefix":"app","stack":"Error: Service account object must contain a string \"project_id\" property.\n    at new ServiceAccount (/home/philip/beavers/beavers-backend/node_modules/firebase-admin/lib/app/credential-internal.js:174:19)\n    at new ServiceAccountCredential (/home/philip/beavers/beavers-backend/node_modules/firebase-admin/lib/app/credential-internal.js:118:15)\n    at Object.cert (/home/philip/beavers/beavers-backend/node_modules/firebase-admin/lib/app/credential-factory.js:105:54)\n    at Object.<anonymous> (/home/philip/beavers/beavers-backend/services/notification.service.js:16:36)\n    at Module._compile (node:internal/modules/cjs/loader:1829:14)\n    at Object..js (node:internal/modules/cjs/loader:1969:10)\n    at Module.load (node:internal/modules/cjs/loader:1552:32)\n    at Module._load (node:internal/modules/cjs/loader:1354:12)\n    at wrapModuleLoad (node:internal/modules/cjs/loader:255:19)\n    at Module.require (node:internal/modules/cjs/loader:1575:12)"}
2026-05-13 13:25:46 [INFO]: ... end of ther server call.. 
2026-05-13 13:25:46 [INFO]: Database pool connected 
2026-05-13 13:25:46 [INFO]: Database extensions initialized 
2026-05-13 13:25:46 [INFO]: Database connected successfully at Wed May 13 2026 13:25:46 GMT+0100 (West Africa Time) 
2026-05-13 13:25:46 [INFO]: Database connected successfully 
2026-05-13 13:25:46 [INFO]: Redis connecting... 
2026-05-13 13:25:46 [INFO]: Redis connected successfully 
2026-05-13 13:25:46 [INFO]: Redis initialized and connected 
2026-05-13 13:25:46 [INFO]: Redis connected successfully 
2026-05-13 13:25:46 [INFO]: Socket.IO server initialized 
2026-05-13 13:25:46 [INFO]: getting to  port .. 
2026-05-13 13:25:46 [INFO]: Server running on port 3000 
2026-05-13 13:25:47 [ERROR]: Failed to initialize Firebase Admin SDK: Service account object must contain a string "project_id" property. {"errorInfo":{"code":"app/invalid-credential","message":"Service account object must contain a string \"project_id\" property."},"codePrefix":"app","stack":"Error: Service account object must contain a string \"project_id\" property.\n    at new ServiceAccount (/home/philip/beavers/beavers-backend/node_modules/firebase-admin/lib/app/credential-internal.js:174:19)\n    at new ServiceAccountCredential (/home/philip/beavers/beavers-backend/node_modules/firebase-admin/lib/app/credential-internal.js:118:15)\n    at Object.cert (/home/philip/beavers/beavers-backend/node_modules/firebase-admin/lib/app/credential-factory.js:105:54)\n    at Object.<anonymous> (/home/philip/beavers/beavers-backend/services/notification.service.js:16:36)\n    at Module._compile (node:internal/modules/cjs/loader:1829:14)\n    at Object..js (node:internal/modules/cjs/loader:1969:10)\n    at Module.load (node:internal/modules/cjs/loader:1552:32)\n    at Module._load (node:internal/modules/cjs/loader:1354:12)\n    at wrapModuleLoad (node:internal/modules/cjs/loader:255:19)\n    at Module.require (node:internal/modules/cjs/loader:1575:12)"}
2026-05-13 13:25:47 [INFO]: ... end of ther server call.. 
2026-05-13 13:25:48 [INFO]: Database pool connected 
2026-05-13 13:25:48 [INFO]: Database extensions initialized 
2026-05-13 13:25:48 [INFO]: Database connected successfully at Wed May 13 2026 13:25:48 GMT+0100 (West Africa Time) 
2026-05-13 13:25:48 [INFO]: Database connected successfully 
2026-05-13 13:25:48 [INFO]: Redis connecting... 
2026-05-13 13:25:48 [INFO]: Redis connected successfully 
2026-05-13 13:25:48 [INFO]: Redis initialized and connected 
2026-05-13 13:25:48 [INFO]: Redis connected successfully 
2026-05-13 13:25:48 [INFO]: Socket.IO server initialized 
2026-05-13 13:25:48 [INFO]: getting to  port .. 
2026-05-13 13:25:48 [INFO]: Server running on port 3000 
2026-05-13 13:25:54 [ERROR]: Failed to initialize Firebase Admin SDK: Service account object must contain a string "project_id" property. {"errorInfo":{"code":"app/invalid-credential","message":"Service account object must contain a string \"project_id\" property."},"codePrefix":"app","stack":"Error: Service account object must contain a string \"project_id\" property.\n    at new ServiceAccount (/home/philip/beavers/beavers-backend/node_modules/firebase-admin/lib/app/credential-internal.js:174:19)\n    at new ServiceAccountCredential (/home/philip/beavers/beavers-backend/node_modules/firebase-admin/lib/app/credential-internal.js:118:15)\n    at Object.cert (/home/philip/beavers/beavers-backend/node_modules/firebase-admin/lib/app/credential-factory.js:105:54)\n    at Object.<anonymous> (/home/philip/beavers/beavers-backend/services/notification.service.js:16:36)\n    at Module._compile (node:internal/modules/cjs/loader:1829:14)\n    at Object..js (node:internal/modules/cjs/loader:1969:10)\n    at Module.load (node:internal/modules/cjs/loader:1552:32)\n    at Module._load (node:internal/modules/cjs/loader:1354:12)\n    at wrapModuleLoad (node:internal/modules/cjs/loader:255:19)\n    at Module.require (node:internal/modules/cjs/loader:1575:12)"}
2026-05-13 13:25:55 [INFO]: ... end of ther server call.. 
2026-05-13 13:25:55 [INFO]: Database pool connected 
2026-05-13 13:25:55 [INFO]: Database extensions initialized 
2026-05-13 13:25:55 [INFO]: Database connected successfully at Wed May 13 2026 13:25:55 GMT+0100 (West Africa Time) 
2026-05-13 13:25:55 [INFO]: Database connected successfully 
2026-05-13 13:25:55 [INFO]: Redis connecting... 
2026-05-13 13:25:55 [INFO]: Redis connected successfully 
2026-05-13 13:25:55 [INFO]: Redis initialized and connected 
2026-05-13 13:25:55 [INFO]: Redis connected successfully 
2026-05-13 13:25:55 [INFO]: Socket.IO server initialized 
2026-05-13 13:25:55 [INFO]: getting to  port .. 
2026-05-13 13:25:55 [INFO]: Server running on port 3000 
2026-05-13 13:26:40 [ERROR]: Failed to initialize Firebase Admin SDK: Service account object must contain a string "project_id" property. {"errorInfo":{"code":"app/invalid-credential","message":"Service account object must contain a string \"project_id\" property."},"codePrefix":"app","stack":"Error: Service account object must contain a string \"project_id\" property.\n    at new ServiceAccount (/home/philip/beavers/beavers-backend/node_modules/firebase-admin/lib/app/credential-internal.js:174:19)\n    at new ServiceAccountCredential (/home/philip/beavers/beavers-backend/node_modules/firebase-admin/lib/app/credential-internal.js:118:15)\n    at Object.cert (/home/philip/beavers/beavers-backend/node_modules/firebase-admin/lib/app/credential-factory.js:105:54)\n    at Object.<anonymous> (/home/philip/beavers/beavers-backend/services/notification.service.js:16:36)\n    at Module._compile (node:internal/modules/cjs/loader:1829:14)\n    at Object..js (node:internal/modules/cjs/loader:1969:10)\n    at Module.load (node:internal/modules/cjs/loader:1552:32)\n    at Module._load (node:internal/modules/cjs/loader:1354:12)\n    at wrapModuleLoad (node:internal/modules/cjs/loader:255:19)\n    at Module.require (node:internal/modules/cjs/loader:1575:12)"}
2026-05-13 13:26:41 [INFO]: ... end of ther server call.. 
2026-05-13 13:26:41 [INFO]: Database pool connected 
2026-05-13 13:26:41 [INFO]: Database extensions initialized 
2026-05-13 13:26:41 [INFO]: Database connected successfully at Wed May 13 2026 13:26:41 GMT+0100 (West Africa Time) 
2026-05-13 13:26:41 [INFO]: Database connected successfully 
2026-05-13 13:26:41 [INFO]: Redis connecting... 
2026-05-13 13:26:41 [INFO]: Redis connected successfully 
2026-05-13 13:26:41 [INFO]: Redis initialized and connected 
2026-05-13 13:26:41 [INFO]: Redis connected successfully 
2026-05-13 13:26:41 [INFO]: Socket.IO server initialized 
2026-05-13 13:26:41 [INFO]: getting to  port .. 
2026-05-13 13:26:41 [INFO]: Server running on port 3000 
2026-05-13 13:26:44 [ERROR]: Failed to initialize Firebase Admin SDK: Service account object must contain a string "project_id" property. {"errorInfo":{"code":"app/invalid-credential","message":"Service account object must contain a string \"project_id\" property."},"codePrefix":"app","stack":"Error: Service account object must contain a string \"project_id\" property.\n    at new ServiceAccount (/home/philip/beavers/beavers-backend/node_modules/firebase-admin/lib/app/credential-internal.js:174:19)\n    at new ServiceAccountCredential (/home/philip/beavers/beavers-backend/node_modules/firebase-admin/lib/app/credential-internal.js:118:15)\n    at Object.cert (/home/philip/beavers/beavers-backend/node_modules/firebase-admin/lib/app/credential-factory.js:105:54)\n    at Object.<anonymous> (/home/philip/beavers/beavers-backend/services/notification.service.js:16:36)\n    at Module._compile (node:internal/modules/cjs/loader:1829:14)\n    at Object..js (node:internal/modules/cjs/loader:1969:10)\n    at Module.load (node:internal/modules/cjs/loader:1552:32)\n    at Module._load (node:internal/modules/cjs/loader:1354:12)\n    at wrapModuleLoad (node:internal/modules/cjs/loader:255:19)\n    at Module.require (node:internal/modules/cjs/loader:1575:12)"}
2026-05-13 13:26:44 [INFO]: ... end of ther server call.. 
2026-05-13 13:26:44 [INFO]: Database pool connected 
2026-05-13 13:26:44 [INFO]: Database extensions initialized 
2026-05-13 13:26:44 [INFO]: Database connected successfully at Wed May 13 2026 13:26:44 GMT+0100 (West Africa Time) 
2026-05-13 13:26:44 [INFO]: Database connected successfully 
2026-05-13 13:26:44 [INFO]: Redis connecting... 
2026-05-13 13:26:44 [INFO]: Redis connected successfully 
2026-05-13 13:26:44 [INFO]: Redis initialized and connected 
2026-05-13 13:26:44 [INFO]: Redis connected successfully 
2026-05-13 13:26:44 [INFO]: Socket.IO server initialized 
2026-05-13 13:26:44 [INFO]: getting to  port .. 
2026-05-13 13:26:44 [INFO]: Server running on port 3000 
2026-05-13 13:27:55 [ERROR]: Failed to initialize Firebase Admin SDK: Service account object must contain a string "project_id" property. {"errorInfo":{"code":"app/invalid-credential","message":"Service account object must contain a string \"project_id\" property."},"codePrefix":"app","stack":"Error: Service account object must contain a string \"project_id\" property.\n    at new ServiceAccount (/home/philip/beavers/beavers-backend/node_modules/firebase-admin/lib/app/credential-internal.js:174:19)\n    at new ServiceAccountCredential (/home/philip/beavers/beavers-backend/node_modules/firebase-admin/lib/app/credential-internal.js:118:15)\n    at Object.cert (/home/philip/beavers/beavers-backend/node_modules/firebase-admin/lib/app/credential-factory.js:105:54)\n    at Object.<anonymous> (/home/philip/beavers/beavers-backend/services/notification.service.js:16:36)\n    at Module._compile (node:internal/modules/cjs/loader:1829:14)\n    at Object..js (node:internal/modules/cjs/loader:1969:10)\n    at Module.load (node:internal/modules/cjs/loader:1552:32)\n    at Module._load (node:internal/modules/cjs/loader:1354:12)\n    at wrapModuleLoad (node:internal/modules/cjs/loader:255:19)\n    at Module.require (node:internal/modules/cjs/loader:1575:12)"}
2026-05-13 13:27:55 [INFO]: ... end of ther server call.. 
2026-05-13 13:27:55 [INFO]: Database pool connected 
2026-05-13 13:27:55 [INFO]: Database extensions initialized 
2026-05-13 13:27:55 [INFO]: Database connected successfully at Wed May 13 2026 13:27:55 GMT+0100 (West Africa Time) 
2026-05-13 13:27:55 [INFO]: Database connected successfully 
2026-05-13 13:27:55 [INFO]: Redis connecting... 
2026-05-13 13:27:55 [INFO]: Redis connected successfully 
2026-05-13 13:27:55 [INFO]: Redis initialized and connected 
2026-05-13 13:27:55 [INFO]: Redis connected successfully 
2026-05-13 13:27:55 [INFO]: Socket.IO server initialized 
2026-05-13 13:27:55 [INFO]: getting to  port .. 
2026-05-13 13:27:55 [INFO]: Server running on port 3000 
2026-05-13 14:41:31 [ERROR]: Failed to initialize Firebase Admin SDK: Service account object must contain a string "project_id" property. {"errorInfo":{"code":"app/invalid-credential","message":"Service account object must contain a string \"project_id\" property."},"codePrefix":"app","stack":"Error: Service account object must contain a string \"project_id\" property.\n    at new ServiceAccount (/home/philip/beavers/beavers-backend/node_modules/firebase-admin/lib/app/credential-internal.js:174:19)\n    at new ServiceAccountCredential (/home/philip/beavers/beavers-backend/node_modules/firebase-admin/lib/app/credential-internal.js:118:15)\n    at Object.cert (/home/philip/beavers/beavers-backend/node_modules/firebase-admin/lib/app/credential-factory.js:105:54)\n    at Object.<anonymous> (/home/philip/beavers/beavers-backend/services/notification.service.js:16:36)\n    at Module._compile (node:internal/modules/cjs/loader:1829:14)\n    at Object..js (node:internal/modules/cjs/loader:1969:10)\n    at Module.load (node:internal/modules/cjs/loader:1552:32)\n    at Module._load (node:internal/modules/cjs/loader:1354:12)\n    at wrapModuleLoad (node:internal/modules/cjs/loader:255:19)\n    at Module.require (node:internal/modules/cjs/loader:1575:12)"}
2026-05-13 17:03:03 [ERROR]: Failed to initialize Firebase Admin SDK: Service account object must contain a string "project_id" property. {"errorInfo":{"code":"app/invalid-credential","message":"Service account object must contain a string \"project_id\" property."},"codePrefix":"app","stack":"Error: Service account object must contain a string \"project_id\" property.\n    at new ServiceAccount (/home/philip/beavers/beavers-backend/node_modules/firebase-admin/lib/app/credential-internal.js:174:19)\n    at new ServiceAccountCredential (/home/philip/beavers/beavers-backend/node_modules/firebase-admin/lib/app/credential-internal.js:118:15)\n    at Object.cert (/home/philip/beavers/beavers-backend/node_modules/firebase-admin/lib/app/credential-factory.js:105:54)\n    at Object.<anonymous> (/home/philip/beavers/beavers-backend/services/notification.service.js:16:36)\n    at Module._compile (node:internal/modules/cjs/loader:1829:14)\n    at Object..js (node:internal/modules/cjs/loader:1969:10)\n    at Module.load (node:internal/modules/cjs/loader:1552:32)\n    at Module._load (node:internal/modules/cjs/loader:1354:12)\n    at wrapModuleLoad (node:internal/modules/cjs/loader:255:19)\n    at Module.require (node:internal/modules/cjs/loader:1575:12)"}
2026-05-13 17:03:06 [INFO]: ... end of ther server call.. 
2026-05-13 17:03:06 [INFO]: Database pool connected 
2026-05-13 17:03:06 [INFO]: Database extensions initialized 
2026-05-13 17:03:06 [INFO]: Database connected successfully at Wed May 13 2026 17:03:06 GMT+0100 (West Africa Time) 
2026-05-13 17:03:06 [INFO]: Database connected successfully 
2026-05-13 17:03:06 [INFO]: Redis connecting... 
2026-05-13 17:03:06 [INFO]: Redis connected successfully 
2026-05-13 17:03:06 [INFO]: Redis initialized and connected 
2026-05-13 17:03:06 [INFO]: Redis connected successfully 
2026-05-13 17:03:06 [INFO]: Socket.IO server initialized 
2026-05-13 17:03:06 [INFO]: getting to  port .. 
2026-05-13 17:03:06 [INFO]: Server running on port 3000 
2026-05-13 17:04:45 [INFO]: Database pool connected 
2026-05-13 17:04:46 [INFO]: Found 2 nearby artisans: 5a891f92-081a-4cf4-931b-a4342800849d,beacdb86-eb89-43ab-9045-03254453b8fc 
2026-05-13 17:04:46 [INFO]: category: Plumbing 
2026-05-13 17:04:46 [INFO]: Database pool connected 
2026-05-13 17:04:46 [INFO]: No eligible artisans found in database 2 
2026-05-13 17:04:47 [INFO]: Job created: 25e1baaa-97dc-4019-bd46-f67c084ab8b4 by client c1bf3b62-b5d1-4a4e-9edb-087b0f963132 
2026-05-13 17:05:52 [INFO]: Database pool connected 
2026-05-13 17:20:16 [ERROR]: Failed to initialize Firebase Admin SDK: Service account object must contain a string "project_id" property. {"errorInfo":{"code":"app/invalid-credential","message":"Service account object must contain a string \"project_id\" property."},"codePrefix":"app","stack":"Error: Service account object must contain a string \"project_id\" property.\n    at new ServiceAccount (/home/philip/beavers/beavers-backend/node_modules/firebase-admin/lib/app/credential-internal.js:174:19)\n    at new ServiceAccountCredential (/home/philip/beavers/beavers-backend/node_modules/firebase-admin/lib/app/credential-internal.js:118:15)\n    at Object.cert (/home/philip/beavers/beavers-backend/node_modules/firebase-admin/lib/app/credential-factory.js:105:54)\n    at Object.<anonymous> (/home/philip/beavers/beavers-backend/services/notification.service.js:16:36)\n    at Module._compile (node:internal/modules/cjs/loader:1829:14)\n    at Object..js (node:internal/modules/cjs/loader:1969:10)\n    at Module.load (node:internal/modules/cjs/loader:1552:32)\n    at Module._load (node:internal/modules/cjs/loader:1354:12)\n    at wrapModuleLoad (node:internal/modules/cjs/loader:255:19)\n    at Module.require (node:internal/modules/cjs/loader:1575:12)"}
