2026-05-13 13:23:52 [ERROR]: uncaughtException: Cannot find module 'path/to/serviceAccountKey.json'
Require stack:
- /home/philip/beavers/beavers-backend/services/notification.service.js
- /home/philip/beavers/beavers-backend/services/auth.service.js
- /home/philip/beavers/beavers-backend/controllers/auth.controller.js
- /home/philip/beavers/beavers-backend/routes/auth.routes.js
- /home/philip/beavers/beavers-backend/server.js
Error: Cannot find module 'path/to/serviceAccountKey.json'
Require stack:
- /home/philip/beavers/beavers-backend/services/notification.service.js
- /home/philip/beavers/beavers-backend/services/auth.service.js
- /home/philip/beavers/beavers-backend/controllers/auth.controller.js
- /home/philip/beavers/beavers-backend/routes/auth.routes.js
- /home/philip/beavers/beavers-backend/server.js
    at Module._resolveFilename (node:internal/modules/cjs/loader:1475:15)
    at wrapResolveFilename (node:internal/modules/cjs/loader:1048:27)
    at defaultResolveImplForCJSLoading (node:internal/modules/cjs/loader:1072:10)
    at resolveForCJSWithHooks (node:internal/modules/cjs/loader:1093:12)
    at Module._load (node:internal/modules/cjs/loader:1261:25)
    at wrapModuleLoad (node:internal/modules/cjs/loader:255:19)
    at Module.require (node:internal/modules/cjs/loader:1575:12)
    at require (node:internal/modules/helpers:191:16)
    at Object.<anonymous> (/home/philip/beavers/beavers-backend/services/notification.service.js:4:22)
    at Module._compile (node:internal/modules/cjs/loader:1829:14) {"error":{"code":"MODULE_NOT_FOUND","requireStack":["/home/philip/beavers/beavers-backend/services/notification.service.js","/home/philip/beavers/beavers-backend/services/auth.service.js","/home/philip/beavers/beavers-backend/controllers/auth.controller.js","/home/philip/beavers/beavers-backend/routes/auth.routes.js","/home/philip/beavers/beavers-backend/server.js"]},"stack":"Error: Cannot find module 'path/to/serviceAccountKey.json'\nRequire stack:\n- /home/philip/beavers/beavers-backend/services/notification.service.js\n- /home/philip/beavers/beavers-backend/services/auth.service.js\n- /home/philip/beavers/beavers-backend/controllers/auth.controller.js\n- /home/philip/beavers/beavers-backend/routes/auth.routes.js\n- /home/philip/beavers/beavers-backend/server.js\n    at Module._resolveFilename (node:internal/modules/cjs/loader:1475:15)\n    at wrapResolveFilename (node:internal/modules/cjs/loader:1048:27)\n    at defaultResolveImplForCJSLoading (node:internal/modules/cjs/loader:1072:10)\n    at resolveForCJSWithHooks (node:internal/modules/cjs/loader:1093:12)\n    at Module._load (node:internal/modules/cjs/loader:1261:25)\n    at wrapModuleLoad (node:internal/modules/cjs/loader:255:19)\n    at Module.require (node:internal/modules/cjs/loader:1575:12)\n    at require (node:internal/modules/helpers:191:16)\n    at Object.<anonymous> (/home/philip/beavers/beavers-backend/services/notification.service.js:4:22)\n    at Module._compile (node:internal/modules/cjs/loader:1829:14)","exception":true,"date":"Wed May 13 2026 13:23:52 GMT+0100 (West Africa Time)","process":{"pid":214527,"uid":1000,"gid":1000,"cwd":"/home/philip/beavers/beavers-backend","execPath":"/home/philip/.nvm/versions/node/v25.9.0/bin/node","version":"v25.9.0","argv":["/home/philip/.nvm/versions/node/v25.9.0/bin/node","/home/philip/beavers/beavers-backend/server.js"],"memoryUsage":{"rss":98607104,"heapTotal":38281216,"heapUsed":28128248,"external":3823739,"arrayBuffers":64802}},"os":{"loadavg":[2.42,3.43,3.66],"uptime":93969.51},"trace":[{"column":15,"file":"node:internal/modules/cjs/loader","function":"Module._resolveFilename","line":1475,"method":"_resolveFilename","native":false},{"column":27,"file":"node:internal/modules/cjs/loader","function":"wrapResolveFilename","line":1048,"method":null,"native":false},{"column":10,"file":"node:internal/modules/cjs/loader","function":"defaultResolveImplForCJSLoading","line":1072,"method":null,"native":false},{"column":12,"file":"node:internal/modules/cjs/loader","function":"resolveForCJSWithHooks","line":1093,"method":null,"native":false},{"column":25,"file":"node:internal/modules/cjs/loader","function":"Module._load","line":1261,"method":"_load","native":false},{"column":19,"file":"node:internal/modules/cjs/loader","function":"wrapModuleLoad","line":255,"method":null,"native":false},{"column":12,"file":"node:internal/modules/cjs/loader","function":"Module.require","line":1575,"method":"require","native":false},{"column":16,"file":"node:internal/modules/helpers","function":"require","line":191,"method":null,"native":false},{"column":22,"file":"/home/philip/beavers/beavers-backend/services/notification.service.js","function":null,"line":4,"method":null,"native":false},{"column":14,"file":"node:internal/modules/cjs/loader","function":"Module._compile","line":1829,"method":"_compile","native":false}]}
2026-05-13 13:24:00 [ERROR]: uncaughtException: Cannot find module '.json'
Require stack:
- /home/philip/beavers/beavers-backend/services/notification.service.js
- /home/philip/beavers/beavers-backend/services/auth.service.js
- /home/philip/beavers/beavers-backend/controllers/auth.controller.js
- /home/philip/beavers/beavers-backend/routes/auth.routes.js
- /home/philip/beavers/beavers-backend/server.js
Error: Cannot find module '.json'
Require stack:
- /home/philip/beavers/beavers-backend/services/notification.service.js
- /home/philip/beavers/beavers-backend/services/auth.service.js
- /home/philip/beavers/beavers-backend/controllers/auth.controller.js
- /home/philip/beavers/beavers-backend/routes/auth.routes.js
- /home/philip/beavers/beavers-backend/server.js
    at Module._resolveFilename (node:internal/modules/cjs/loader:1475:15)
    at wrapResolveFilename (node:internal/modules/cjs/loader:1048:27)
    at defaultResolveImplForCJSLoading (node:internal/modules/cjs/loader:1072:10)
    at resolveForCJSWithHooks (node:internal/modules/cjs/loader:1093:12)
    at Module._load (node:internal/modules/cjs/loader:1261:25)
    at wrapModuleLoad (node:internal/modules/cjs/loader:255:19)
    at Module.require (node:internal/modules/cjs/loader:1575:12)
    at require (node:internal/modules/helpers:191:16)
    at Object.<anonymous> (/home/philip/beavers/beavers-backend/services/notification.service.js:4:22)
    at Module._compile (node:internal/modules/cjs/loader:1829:14) {"error":{"code":"MODULE_NOT_FOUND","requireStack":["/home/philip/beavers/beavers-backend/services/notification.service.js","/home/philip/beavers/beavers-backend/services/auth.service.js","/home/philip/beavers/beavers-backend/controllers/auth.controller.js","/home/philip/beavers/beavers-backend/routes/auth.routes.js","/home/philip/beavers/beavers-backend/server.js"]},"stack":"Error: Cannot find module '.json'\nRequire stack:\n- /home/philip/beavers/beavers-backend/services/notification.service.js\n- /home/philip/beavers/beavers-backend/services/auth.service.js\n- /home/philip/beavers/beavers-backend/controllers/auth.controller.js\n- /home/philip/beavers/beavers-backend/routes/auth.routes.js\n- /home/philip/beavers/beavers-backend/server.js\n    at Module._resolveFilename (node:internal/modules/cjs/loader:1475:15)\n    at wrapResolveFilename (node:internal/modules/cjs/loader:1048:27)\n    at defaultResolveImplForCJSLoading (node:internal/modules/cjs/loader:1072:10)\n    at resolveForCJSWithHooks (node:internal/modules/cjs/loader:1093:12)\n    at Module._load (node:internal/modules/cjs/loader:1261:25)\n    at wrapModuleLoad (node:internal/modules/cjs/loader:255:19)\n    at Module.require (node:internal/modules/cjs/loader:1575:12)\n    at require (node:internal/modules/helpers:191:16)\n    at Object.<anonymous> (/home/philip/beavers/beavers-backend/services/notification.service.js:4:22)\n    at Module._compile (node:internal/modules/cjs/loader:1829:14)","exception":true,"date":"Wed May 13 2026 13:24:00 GMT+0100 (West Africa Time)","process":{"pid":214644,"uid":1000,"gid":1000,"cwd":"/home/philip/beavers/beavers-backend","execPath":"/home/philip/.nvm/versions/node/v25.9.0/bin/node","version":"v25.9.0","argv":["/home/philip/.nvm/versions/node/v25.9.0/bin/node","/home/philip/beavers/beavers-backend/server.js"],"memoryUsage":{"rss":99573760,"heapTotal":38543360,"heapUsed":28120176,"external":3823739,"arrayBuffers":64802}},"os":{"loadavg":[2.51,3.41,3.65],"uptime":93977.21},"trace":[{"column":15,"file":"node:internal/modules/cjs/loader","function":"Module._resolveFilename","line":1475,"method":"_resolveFilename","native":false},{"column":27,"file":"node:internal/modules/cjs/loader","function":"wrapResolveFilename","line":1048,"method":null,"native":false},{"column":10,"file":"node:internal/modules/cjs/loader","function":"defaultResolveImplForCJSLoading","line":1072,"method":null,"native":false},{"column":12,"file":"node:internal/modules/cjs/loader","function":"resolveForCJSWithHooks","line":1093,"method":null,"native":false},{"column":25,"file":"node:internal/modules/cjs/loader","function":"Module._load","line":1261,"method":"_load","native":false},{"column":19,"file":"node:internal/modules/cjs/loader","function":"wrapModuleLoad","line":255,"method":null,"native":false},{"column":12,"file":"node:internal/modules/cjs/loader","function":"Module.require","line":1575,"method":"require","native":false},{"column":16,"file":"node:internal/modules/helpers","function":"require","line":191,"method":null,"native":false},{"column":22,"file":"/home/philip/beavers/beavers-backend/services/notification.service.js","function":null,"line":4,"method":null,"native":false},{"column":14,"file":"node:internal/modules/cjs/loader","function":"Module._compile","line":1829,"method":"_compile","native":false}]}
2026-05-13 13:24:03 [ERROR]: uncaughtException: missing ) after argument list
/home/philip/beavers/beavers-backend/services/notification.service.js:4
var serviceAccount = require(''.json");
                                ^^^^

SyntaxError: missing ) after argument list
    at wrapSafe (node:internal/modules/cjs/loader:1762:18)
    at Module._compile (node:internal/modules/cjs/loader:1803:20)
    at Object..js (node:internal/modules/cjs/loader:1969:10)
    at Module.load (node:internal/modules/cjs/loader:1552:32)
    at Module._load (node:internal/modules/cjs/loader:1354:12)
    at wrapModuleLoad (node:internal/modules/cjs/loader:255:19)
    at Module.require (node:internal/modules/cjs/loader:1575:12)
    at require (node:internal/modules/helpers:191:16)
    at Object.<anonymous> (/home/philip/beavers/beavers-backend/services/auth.service.js:7:32)
    at Module._compile (node:internal/modules/cjs/loader:1829:14) {"error":{},"stack":"/home/philip/beavers/beavers-backend/services/notification.service.js:4\nvar serviceAccount = require(''.json\");\n                                ^^^^\n\nSyntaxError: missing ) after argument list\n    at wrapSafe (node:internal/modules/cjs/loader:1762:18)\n    at Module._compile (node:internal/modules/cjs/loader:1803:20)\n    at Object..js (node:internal/modules/cjs/loader:1969:10)\n    at Module.load (node:internal/modules/cjs/loader:1552:32)\n    at Module._load (node:internal/modules/cjs/loader:1354:12)\n    at wrapModuleLoad (node:internal/modules/cjs/loader:255:19)\n    at Module.require (node:internal/modules/cjs/loader:1575:12)\n    at require (node:internal/modules/helpers:191:16)\n    at Object.<anonymous> (/home/philip/beavers/beavers-backend/services/auth.service.js:7:32)\n    at Module._compile (node:internal/modules/cjs/loader:1829:14)","exception":true,"date":"Wed May 13 2026 13:24:03 GMT+0100 (West Africa Time)","process":{"pid":214688,"uid":1000,"gid":1000,"cwd":"/home/philip/beavers/beavers-backend","execPath":"/home/philip/.nvm/versions/node/v25.9.0/bin/node","version":"v25.9.0","argv":["/home/philip/.nvm/versions/node/v25.9.0/bin/node","/home/philip/beavers/beavers-backend/server.js"],"memoryUsage":{"rss":95703040,"heapTotal":36093952,"heapUsed":18615840,"external":2636193,"arrayBuffers":64124}},"os":{"loadavg":[2.51,3.41,3.65],"uptime":93980.47},"trace":[{"column":18,"file":"node:internal/modules/cjs/loader","function":"wrapSafe","line":1762,"method":null,"native":false},{"column":20,"file":"node:internal/modules/cjs/loader","function":"Module._compile","line":1803,"method":"_compile","native":false},{"column":10,"file":"node:internal/modules/cjs/loader","function":"Object..js","line":1969,"method":".js","native":false},{"column":32,"file":"node:internal/modules/cjs/loader","function":"Module.load","line":1552,"method":"load","native":false},{"column":12,"file":"node:internal/modules/cjs/loader","function":"Module._load","line":1354,"method":"_load","native":false},{"column":19,"file":"node:internal/modules/cjs/loader","function":"wrapModuleLoad","line":255,"method":null,"native":false},{"column":12,"file":"node:internal/modules/cjs/loader","function":"Module.require","line":1575,"method":"require","native":false},{"column":16,"file":"node:internal/modules/helpers","function":"require","line":191,"method":null,"native":false},{"column":32,"file":"/home/philip/beavers/beavers-backend/services/auth.service.js","function":null,"line":7,"method":null,"native":false},{"column":14,"file":"node:internal/modules/cjs/loader","function":"Module._compile","line":1829,"method":"_compile","native":false}]}
2026-05-13 13:24:10 [ERROR]: uncaughtException: missing ) after argument list
/home/philip/beavers/beavers-backend/services/notification.service.js:4
var serviceAccount = require(''.json');
                                ^^^^

SyntaxError: missing ) after argument list
    at wrapSafe (node:internal/modules/cjs/loader:1762:18)
    at Module._compile (node:internal/modules/cjs/loader:1803:20)
    at Object..js (node:internal/modules/cjs/loader:1969:10)
    at Module.load (node:internal/modules/cjs/loader:1552:32)
    at Module._load (node:internal/modules/cjs/loader:1354:12)
    at wrapModuleLoad (node:internal/modules/cjs/loader:255:19)
    at Module.require (node:internal/modules/cjs/loader:1575:12)
    at require (node:internal/modules/helpers:191:16)
    at Object.<anonymous> (/home/philip/beavers/beavers-backend/services/auth.service.js:7:32)
    at Module._compile (node:internal/modules/cjs/loader:1829:14) {"error":{},"stack":"/home/philip/beavers/beavers-backend/services/notification.service.js:4\nvar serviceAccount = require(''.json');\n                                ^^^^\n\nSyntaxError: missing ) after argument list\n    at wrapSafe (node:internal/modules/cjs/loader:1762:18)\n    at Module._compile (node:internal/modules/cjs/loader:1803:20)\n    at Object..js (node:internal/modules/cjs/loader:1969:10)\n    at Module.load (node:internal/modules/cjs/loader:1552:32)\n    at Module._load (node:internal/modules/cjs/loader:1354:12)\n    at wrapModuleLoad (node:internal/modules/cjs/loader:255:19)\n    at Module.require (node:internal/modules/cjs/loader:1575:12)\n    at require (node:internal/modules/helpers:191:16)\n    at Object.<anonymous> (/home/philip/beavers/beavers-backend/services/auth.service.js:7:32)\n    at Module._compile (node:internal/modules/cjs/loader:1829:14)","exception":true,"date":"Wed May 13 2026 13:24:10 GMT+0100 (West Africa Time)","process":{"pid":214734,"uid":1000,"gid":1000,"cwd":"/home/philip/beavers/beavers-backend","execPath":"/home/philip/.nvm/versions/node/v25.9.0/bin/node","version":"v25.9.0","argv":["/home/philip/.nvm/versions/node/v25.9.0/bin/node","/home/philip/beavers/beavers-backend/server.js"],"memoryUsage":{"rss":90906624,"heapTotal":31899648,"heapUsed":19818800,"external":2636193,"arrayBuffers":64124}},"os":{"loadavg":[3.98,3.7,3.74],"uptime":93986.7},"trace":[{"column":18,"file":"node:internal/modules/cjs/loader","function":"wrapSafe","line":1762,"method":null,"native":false},{"column":20,"file":"node:internal/modules/cjs/loader","function":"Module._compile","line":1803,"method":"_compile","native":false},{"column":10,"file":"node:internal/modules/cjs/loader","function":"Object..js","line":1969,"method":".js","native":false},{"column":32,"file":"node:internal/modules/cjs/loader","function":"Module.load","line":1552,"method":"load","native":false},{"column":12,"file":"node:internal/modules/cjs/loader","function":"Module._load","line":1354,"method":"_load","native":false},{"column":19,"file":"node:internal/modules/cjs/loader","function":"wrapModuleLoad","line":255,"method":null,"native":false},{"column":12,"file":"node:internal/modules/cjs/loader","function":"Module.require","line":1575,"method":"require","native":false},{"column":16,"file":"node:internal/modules/helpers","function":"require","line":191,"method":null,"native":false},{"column":32,"file":"/home/philip/beavers/beavers-backend/services/auth.service.js","function":null,"line":7,"method":null,"native":false},{"column":14,"file":"node:internal/modules/cjs/loader","function":"Module._compile","line":1829,"method":"_compile","native":false}]}
2026-05-13 13:24:12 [ERROR]: uncaughtException: missing ) after argument list
/home/philip/beavers/beavers-backend/services/notification.service.js:4
var serviceAccount = require(c'.json');
                             ^

SyntaxError: missing ) after argument list
    at wrapSafe (node:internal/modules/cjs/loader:1762:18)
    at Module._compile (node:internal/modules/cjs/loader:1803:20)
    at Object..js (node:internal/modules/cjs/loader:1969:10)
    at Module.load (node:internal/modules/cjs/loader:1552:32)
    at Module._load (node:internal/modules/cjs/loader:1354:12)
    at wrapModuleLoad (node:internal/modules/cjs/loader:255:19)
    at Module.require (node:internal/modules/cjs/loader:1575:12)
    at require (node:internal/modules/helpers:191:16)
    at Object.<anonymous> (/home/philip/beavers/beavers-backend/services/auth.service.js:7:32)
    at Module._compile (node:internal/modules/cjs/loader:1829:14) {"error":{},"stack":"/home/philip/beavers/beavers-backend/services/notification.service.js:4\nvar serviceAccount = require(c'.json');\n                             ^\n\nSyntaxError: missing ) after argument list\n    at wrapSafe (node:internal/modules/cjs/loader:1762:18)\n    at Module._compile (node:internal/modules/cjs/loader:1803:20)\n    at Object..js (node:internal/modules/cjs/loader:1969:10)\n    at Module.load (node:internal/modules/cjs/loader:1552:32)\n    at Module._load (node:internal/modules/cjs/loader:1354:12)\n    at wrapModuleLoad (node:internal/modules/cjs/loader:255:19)\n    at Module.require (node:internal/modules/cjs/loader:1575:12)\n    at require (node:internal/modules/helpers:191:16)\n    at Object.<anonymous> (/home/philip/beavers/beavers-backend/services/auth.service.js:7:32)\n    at Module._compile (node:internal/modules/cjs/loader:1829:14)","exception":true,"date":"Wed May 13 2026 13:24:12 GMT+0100 (West Africa Time)","process":{"pid":214784,"uid":1000,"gid":1000,"cwd":"/home/philip/beavers/beavers-backend","execPath":"/home/philip/.nvm/versions/node/v25.9.0/bin/node","version":"v25.9.0","argv":["/home/philip/.nvm/versions/node/v25.9.0/bin/node","/home/philip/beavers/beavers-backend/server.js"],"memoryUsage":{"rss":96120832,"heapTotal":36618240,"heapUsed":18515808,"external":2636193,"arrayBuffers":64124}},"os":{"loadavg":[3.98,3.7,3.74],"uptime":93989.51},"trace":[{"column":18,"file":"node:internal/modules/cjs/loader","function":"wrapSafe","line":1762,"method":null,"native":false},{"column":20,"file":"node:internal/modules/cjs/loader","function":"Module._compile","line":1803,"method":"_compile","native":false},{"column":10,"file":"node:internal/modules/cjs/loader","function":"Object..js","line":1969,"method":".js","native":false},{"column":32,"file":"node:internal/modules/cjs/loader","function":"Module.load","line":1552,"method":"load","native":false},{"column":12,"file":"node:internal/modules/cjs/loader","function":"Module._load","line":1354,"method":"_load","native":false},{"column":19,"file":"node:internal/modules/cjs/loader","function":"wrapModuleLoad","line":255,"method":null,"native":false},{"column":12,"file":"node:internal/modules/cjs/loader","function":"Module.require","line":1575,"method":"require","native":false},{"column":16,"file":"node:internal/modules/helpers","function":"require","line":191,"method":null,"native":false},{"column":32,"file":"/home/philip/beavers/beavers-backend/services/auth.service.js","function":null,"line":7,"method":null,"native":false},{"column":14,"file":"node:internal/modules/cjs/loader","function":"Module._compile","line":1829,"method":"_compile","native":false}]}
2026-05-13 13:24:16 [ERROR]: uncaughtException: Cannot find module '.json'
Require stack:
- /home/philip/beavers/beavers-backend/services/notification.service.js
- /home/philip/beavers/beavers-backend/services/auth.service.js
- /home/philip/beavers/beavers-backend/controllers/auth.controller.js
- /home/philip/beavers/beavers-backend/routes/auth.routes.js
- /home/philip/beavers/beavers-backend/server.js
Error: Cannot find module '.json'
Require stack:
- /home/philip/beavers/beavers-backend/services/notification.service.js
- /home/philip/beavers/beavers-backend/services/auth.service.js
- /home/philip/beavers/beavers-backend/controllers/auth.controller.js
- /home/philip/beavers/beavers-backend/routes/auth.routes.js
- /home/philip/beavers/beavers-backend/server.js
    at Module._resolveFilename (node:internal/modules/cjs/loader:1475:15)
    at wrapResolveFilename (node:internal/modules/cjs/loader:1048:27)
    at defaultResolveImplForCJSLoading (node:internal/modules/cjs/loader:1072:10)
    at resolveForCJSWithHooks (node:internal/modules/cjs/loader:1093:12)
    at Module._load (node:internal/modules/cjs/loader:1261:25)
    at wrapModuleLoad (node:internal/modules/cjs/loader:255:19)
    at Module.require (node:internal/modules/cjs/loader:1575:12)
    at require (node:internal/modules/helpers:191:16)
    at Object.<anonymous> (/home/philip/beavers/beavers-backend/services/notification.service.js:4:22)
    at Module._compile (node:internal/modules/cjs/loader:1829:14) {"error":{"code":"MODULE_NOT_FOUND","requireStack":["/home/philip/beavers/beavers-backend/services/notification.service.js","/home/philip/beavers/beavers-backend/services/auth.service.js","/home/philip/beavers/beavers-backend/controllers/auth.controller.js","/home/philip/beavers/beavers-backend/routes/auth.routes.js","/home/philip/beavers/beavers-backend/server.js"]},"stack":"Error: Cannot find module '.json'\nRequire stack:\n- /home/philip/beavers/beavers-backend/services/notification.service.js\n- /home/philip/beavers/beavers-backend/services/auth.service.js\n- /home/philip/beavers/beavers-backend/controllers/auth.controller.js\n- /home/philip/beavers/beavers-backend/routes/auth.routes.js\n- /home/philip/beavers/beavers-backend/server.js\n    at Module._resolveFilename (node:internal/modules/cjs/loader:1475:15)\n    at wrapResolveFilename (node:internal/modules/cjs/loader:1048:27)\n    at defaultResolveImplForCJSLoading (node:internal/modules/cjs/loader:1072:10)\n    at resolveForCJSWithHooks (node:internal/modules/cjs/loader:1093:12)\n    at Module._load (node:internal/modules/cjs/loader:1261:25)\n    at wrapModuleLoad (node:internal/modules/cjs/loader:255:19)\n    at Module.require (node:internal/modules/cjs/loader:1575:12)\n    at require (node:internal/modules/helpers:191:16)\n    at Object.<anonymous> (/home/philip/beavers/beavers-backend/services/notification.service.js:4:22)\n    at Module._compile (node:internal/modules/cjs/loader:1829:14)","exception":true,"date":"Wed May 13 2026 13:24:16 GMT+0100 (West Africa Time)","process":{"pid":214816,"uid":1000,"gid":1000,"cwd":"/home/philip/beavers/beavers-backend","execPath":"/home/philip/.nvm/versions/node/v25.9.0/bin/node","version":"v25.9.0","argv":["/home/philip/.nvm/versions/node/v25.9.0/bin/node","/home/philip/beavers/beavers-backend/server.js"],"memoryUsage":{"rss":99254272,"heapTotal":38543360,"heapUsed":28119080,"external":3823739,"arrayBuffers":64802}},"os":{"loadavg":[5.18,3.95,3.82],"uptime":93992.62},"trace":[{"column":15,"file":"node:internal/modules/cjs/loader","function":"Module._resolveFilename","line":1475,"method":"_resolveFilename","native":false},{"column":27,"file":"node:internal/modules/cjs/loader","function":"wrapResolveFilename","line":1048,"method":null,"native":false},{"column":10,"file":"node:internal/modules/cjs/loader","function":"defaultResolveImplForCJSLoading","line":1072,"method":null,"native":false},{"column":12,"file":"node:internal/modules/cjs/loader","function":"resolveForCJSWithHooks","line":1093,"method":null,"native":false},{"column":25,"file":"node:internal/modules/cjs/loader","function":"Module._load","line":1261,"method":"_load","native":false},{"column":19,"file":"node:internal/modules/cjs/loader","function":"wrapModuleLoad","line":255,"method":null,"native":false},{"column":12,"file":"node:internal/modules/cjs/loader","function":"Module.require","line":1575,"method":"require","native":false},{"column":16,"file":"node:internal/modules/helpers","function":"require","line":191,"method":null,"native":false},{"column":22,"file":"/home/philip/beavers/beavers-backend/services/notification.service.js","function":null,"line":4,"method":null,"native":false},{"column":14,"file":"node:internal/modules/cjs/loader","function":"Module._compile","line":1829,"method":"_compile","native":false}]}
2026-05-13 13:24:21 [ERROR]: uncaughtException: Cannot find module 'configurations.json'
Require stack:
- /home/philip/beavers/beavers-backend/services/notification.service.js
- /home/philip/beavers/beavers-backend/services/auth.service.js
- /home/philip/beavers/beavers-backend/controllers/auth.controller.js
- /home/philip/beavers/beavers-backend/routes/auth.routes.js
- /home/philip/beavers/beavers-backend/server.js
Error: Cannot find module 'configurations.json'
Require stack:
- /home/philip/beavers/beavers-backend/services/notification.service.js
- /home/philip/beavers/beavers-backend/services/auth.service.js
- /home/philip/beavers/beavers-backend/controllers/auth.controller.js
- /home/philip/beavers/beavers-backend/routes/auth.routes.js
- /home/philip/beavers/beavers-backend/server.js
    at Module._resolveFilename (node:internal/modules/cjs/loader:1475:15)
    at wrapResolveFilename (node:internal/modules/cjs/loader:1048:27)
    at defaultResolveImplForCJSLoading (node:internal/modules/cjs/loader:1072:10)
    at resolveForCJSWithHooks (node:internal/modules/cjs/loader:1093:12)
    at Module._load (node:internal/modules/cjs/loader:1261:25)
    at wrapModuleLoad (node:internal/modules/cjs/loader:255:19)
    at Module.require (node:internal/modules/cjs/loader:1575:12)
    at require (node:internal/modules/helpers:191:16)
    at Object.<anonymous> (/home/philip/beavers/beavers-backend/services/notification.service.js:4:22)
    at Module._compile (node:internal/modules/cjs/loader:1829:14) {"error":{"code":"MODULE_NOT_FOUND","requireStack":["/home/philip/beavers/beavers-backend/services/notification.service.js","/home/philip/beavers/beavers-backend/services/auth.service.js","/home/philip/beavers/beavers-backend/controllers/auth.controller.js","/home/philip/beavers/beavers-backend/routes/auth.routes.js","/home/philip/beavers/beavers-backend/server.js"]},"stack":"Error: Cannot find module 'configurations.json'\nRequire stack:\n- /home/philip/beavers/beavers-backend/services/notification.service.js\n- /home/philip/beavers/beavers-backend/services/auth.service.js\n- /home/philip/beavers/beavers-backend/controllers/auth.controller.js\n- /home/philip/beavers/beavers-backend/routes/auth.routes.js\n- /home/philip/beavers/beavers-backend/server.js\n    at Module._resolveFilename (node:internal/modules/cjs/loader:1475:15)\n    at wrapResolveFilename (node:internal/modules/cjs/loader:1048:27)\n    at defaultResolveImplForCJSLoading (node:internal/modules/cjs/loader:1072:10)\n    at resolveForCJSWithHooks (node:internal/modules/cjs/loader:1093:12)\n    at Module._load (node:internal/modules/cjs/loader:1261:25)\n    at wrapModuleLoad (node:internal/modules/cjs/loader:255:19)\n    at Module.require (node:internal/modules/cjs/loader:1575:12)\n    at require (node:internal/modules/helpers:191:16)\n    at Object.<anonymous> (/home/philip/beavers/beavers-backend/services/notification.service.js:4:22)\n    at Module._compile (node:internal/modules/cjs/loader:1829:14)","exception":true,"date":"Wed May 13 2026 13:24:21 GMT+0100 (West Africa Time)","process":{"pid":214915,"uid":1000,"gid":1000,"cwd":"/home/philip/beavers/beavers-backend","execPath":"/home/philip/.nvm/versions/node/v25.9.0/bin/node","version":"v25.9.0","argv":["/home/philip/.nvm/versions/node/v25.9.0/bin/node","/home/philip/beavers/beavers-backend/server.js"],"memoryUsage":{"rss":96169984,"heapTotal":35921920,"heapUsed":29269064,"external":3823739,"arrayBuffers":64802}},"os":{"loadavg":[5.73,4.09,3.86],"uptime":93998.47},"trace":[{"column":15,"file":"node:internal/modules/cjs/loader","function":"Module._resolveFilename","line":1475,"method":"_resolveFilename","native":false},{"column":27,"file":"node:internal/modules/cjs/loader","function":"wrapResolveFilename","line":1048,"method":null,"native":false},{"column":10,"file":"node:internal/modules/cjs/loader","function":"defaultResolveImplForCJSLoading","line":1072,"method":null,"native":false},{"column":12,"file":"node:internal/modules/cjs/loader","function":"resolveForCJSWithHooks","line":1093,"method":null,"native":false},{"column":25,"file":"node:internal/modules/cjs/loader","function":"Module._load","line":1261,"method":"_load","native":false},{"column":19,"file":"node:internal/modules/cjs/loader","function":"wrapModuleLoad","line":255,"method":null,"native":false},{"column":12,"file":"node:internal/modules/cjs/loader","function":"Module.require","line":1575,"method":"require","native":false},{"column":16,"file":"node:internal/modules/helpers","function":"require","line":191,"method":null,"native":false},{"column":22,"file":"/home/philip/beavers/beavers-backend/services/notification.service.js","function":null,"line":4,"method":null,"native":false},{"column":14,"file":"node:internal/modules/cjs/loader","function":"Module._compile","line":1829,"method":"_compile","native":false}]}
2026-05-13 13:24:23 [ERROR]: uncaughtException: Cannot find module 'configurations/.json'
Require stack:
- /home/philip/beavers/beavers-backend/services/notification.service.js
- /home/philip/beavers/beavers-backend/services/auth.service.js
- /home/philip/beavers/beavers-backend/controllers/auth.controller.js
- /home/philip/beavers/beavers-backend/routes/auth.routes.js
- /home/philip/beavers/beavers-backend/server.js
Error: Cannot find module 'configurations/.json'
Require stack:
- /home/philip/beavers/beavers-backend/services/notification.service.js
- /home/philip/beavers/beavers-backend/services/auth.service.js
- /home/philip/beavers/beavers-backend/controllers/auth.controller.js
- /home/philip/beavers/beavers-backend/routes/auth.routes.js
- /home/philip/beavers/beavers-backend/server.js
    at Module._resolveFilename (node:internal/modules/cjs/loader:1475:15)
    at wrapResolveFilename (node:internal/modules/cjs/loader:1048:27)
    at defaultResolveImplForCJSLoading (node:internal/modules/cjs/loader:1072:10)
    at resolveForCJSWithHooks (node:internal/modules/cjs/loader:1093:12)
    at Module._load (node:internal/modules/cjs/loader:1261:25)
    at wrapModuleLoad (node:internal/modules/cjs/loader:255:19)
    at Module.require (node:internal/modules/cjs/loader:1575:12)
    at require (node:internal/modules/helpers:191:16)
    at Object.<anonymous> (/home/philip/beavers/beavers-backend/services/notification.service.js:4:22)
    at Module._compile (node:internal/modules/cjs/loader:1829:14) {"error":{"code":"MODULE_NOT_FOUND","requireStack":["/home/philip/beavers/beavers-backend/services/notification.service.js","/home/philip/beavers/beavers-backend/services/auth.service.js","/home/philip/beavers/beavers-backend/controllers/auth.controller.js","/home/philip/beavers/beavers-backend/routes/auth.routes.js","/home/philip/beavers/beavers-backend/server.js"]},"stack":"Error: Cannot find module 'configurations/.json'\nRequire stack:\n- /home/philip/beavers/beavers-backend/services/notification.service.js\n- /home/philip/beavers/beavers-backend/services/auth.service.js\n- /home/philip/beavers/beavers-backend/controllers/auth.controller.js\n- /home/philip/beavers/beavers-backend/routes/auth.routes.js\n- /home/philip/beavers/beavers-backend/server.js\n    at Module._resolveFilename (node:internal/modules/cjs/loader:1475:15)\n    at wrapResolveFilename (node:internal/modules/cjs/loader:1048:27)\n    at defaultResolveImplForCJSLoading (node:internal/modules/cjs/loader:1072:10)\n    at resolveForCJSWithHooks (node:internal/modules/cjs/loader:1093:12)\n    at Module._load (node:internal/modules/cjs/loader:1261:25)\n    at wrapModuleLoad (node:internal/modules/cjs/loader:255:19)\n    at Module.require (node:internal/modules/cjs/loader:1575:12)\n    at require (node:internal/modules/helpers:191:16)\n    at Object.<anonymous> (/home/philip/beavers/beavers-backend/services/notification.service.js:4:22)\n    at Module._compile (node:internal/modules/cjs/loader:1829:14)","exception":true,"date":"Wed May 13 2026 13:24:23 GMT+0100 (West Africa Time)","process":{"pid":214938,"uid":1000,"gid":1000,"cwd":"/home/philip/beavers/beavers-backend","execPath":"/home/philip/.nvm/versions/node/v25.9.0/bin/node","version":"v25.9.0","argv":["/home/philip/.nvm/versions/node/v25.9.0/bin/node","/home/philip/beavers/beavers-backend/server.js"],"memoryUsage":{"rss":99123200,"heapTotal":38805504,"heapUsed":28028608,"external":3823739,"arrayBuffers":64802}},"os":{"loadavg":[5.73,4.09,3.86],"uptime":94000.31},"trace":[{"column":15,"file":"node:internal/modules/cjs/loader","function":"Module._resolveFilename","line":1475,"method":"_resolveFilename","native":false},{"column":27,"file":"node:internal/modules/cjs/loader","function":"wrapResolveFilename","line":1048,"method":null,"native":false},{"column":10,"file":"node:internal/modules/cjs/loader","function":"defaultResolveImplForCJSLoading","line":1072,"method":null,"native":false},{"column":12,"file":"node:internal/modules/cjs/loader","function":"resolveForCJSWithHooks","line":1093,"method":null,"native":false},{"column":25,"file":"node:internal/modules/cjs/loader","function":"Module._load","line":1261,"method":"_load","native":false},{"column":19,"file":"node:internal/modules/cjs/loader","function":"wrapModuleLoad","line":255,"method":null,"native":false},{"column":12,"file":"node:internal/modules/cjs/loader","function":"Module.require","line":1575,"method":"require","native":false},{"column":16,"file":"node:internal/modules/helpers","function":"require","line":191,"method":null,"native":false},{"column":22,"file":"/home/philip/beavers/beavers-backend/services/notification.service.js","function":null,"line":4,"method":null,"native":false},{"column":14,"file":"node:internal/modules/cjs/loader","function":"Module._compile","line":1829,"method":"_compile","native":false}]}
2026-05-13 13:24:36 [ERROR]: uncaughtException: Cannot find module 'configurations/beaver-works.json'
Require stack:
- /home/philip/beavers/beavers-backend/services/notification.service.js
- /home/philip/beavers/beavers-backend/services/auth.service.js
- /home/philip/beavers/beavers-backend/controllers/auth.controller.js
- /home/philip/beavers/beavers-backend/routes/auth.routes.js
- /home/philip/beavers/beavers-backend/server.js
Error: Cannot find module 'configurations/beaver-works.json'
Require stack:
- /home/philip/beavers/beavers-backend/services/notification.service.js
- /home/philip/beavers/beavers-backend/services/auth.service.js
- /home/philip/beavers/beavers-backend/controllers/auth.controller.js
- /home/philip/beavers/beavers-backend/routes/auth.routes.js
- /home/philip/beavers/beavers-backend/server.js
    at Module._resolveFilename (node:internal/modules/cjs/loader:1475:15)
    at wrapResolveFilename (node:internal/modules/cjs/loader:1048:27)
    at defaultResolveImplForCJSLoading (node:internal/modules/cjs/loader:1072:10)
    at resolveForCJSWithHooks (node:internal/modules/cjs/loader:1093:12)
    at Module._load (node:internal/modules/cjs/loader:1261:25)
    at wrapModuleLoad (node:internal/modules/cjs/loader:255:19)
    at Module.require (node:internal/modules/cjs/loader:1575:12)
    at require (node:internal/modules/helpers:191:16)
    at Object.<anonymous> (/home/philip/beavers/beavers-backend/services/notification.service.js:4:22)
    at Module._compile (node:internal/modules/cjs/loader:1829:14) {"error":{"code":"MODULE_NOT_FOUND","requireStack":["/home/philip/beavers/beavers-backend/services/notification.service.js","/home/philip/beavers/beavers-backend/services/auth.service.js","/home/philip/beavers/beavers-backend/controllers/auth.controller.js","/home/philip/beavers/beavers-backend/routes/auth.routes.js","/home/philip/beavers/beavers-backend/server.js"]},"stack":"Error: Cannot find module 'configurations/beaver-works.json'\nRequire stack:\n- /home/philip/beavers/beavers-backend/services/notification.service.js\n- /home/philip/beavers/beavers-backend/services/auth.service.js\n- /home/philip/beavers/beavers-backend/controllers/auth.controller.js\n- /home/philip/beavers/beavers-backend/routes/auth.routes.js\n- /home/philip/beavers/beavers-backend/server.js\n    at Module._resolveFilename (node:internal/modules/cjs/loader:1475:15)\n    at wrapResolveFilename (node:internal/modules/cjs/loader:1048:27)\n    at defaultResolveImplForCJSLoading (node:internal/modules/cjs/loader:1072:10)\n    at resolveForCJSWithHooks (node:internal/modules/cjs/loader:1093:12)\n    at Module._load (node:internal/modules/cjs/loader:1261:25)\n    at wrapModuleLoad (node:internal/modules/cjs/loader:255:19)\n    at Module.require (node:internal/modules/cjs/loader:1575:12)\n    at require (node:internal/modules/helpers:191:16)\n    at Object.<anonymous> (/home/philip/beavers/beavers-backend/services/notification.service.js:4:22)\n    at Module._compile (node:internal/modules/cjs/loader:1829:14)","exception":true,"date":"Wed May 13 2026 13:24:36 GMT+0100 (West Africa Time)","process":{"pid":215060,"uid":1000,"gid":1000,"cwd":"/home/philip/beavers/beavers-backend","execPath":"/home/philip/.nvm/versions/node/v25.9.0/bin/node","version":"v25.9.0","argv":["/home/philip/.nvm/versions/node/v25.9.0/bin/node","/home/philip/beavers/beavers-backend/server.js"],"memoryUsage":{"rss":96088064,"heapTotal":35659776,"heapUsed":29282224,"external":3823739,"arrayBuffers":64802}},"os":{"loadavg":[5.54,4.13,3.88],"uptime":94013.07},"trace":[{"column":15,"file":"node:internal/modules/cjs/loader","function":"Module._resolveFilename","line":1475,"method":"_resolveFilename","native":false},{"column":27,"file":"node:internal/modules/cjs/loader","function":"wrapResolveFilename","line":1048,"method":null,"native":false},{"column":10,"file":"node:internal/modules/cjs/loader","function":"defaultResolveImplForCJSLoading","line":1072,"method":null,"native":false},{"column":12,"file":"node:internal/modules/cjs/loader","function":"resolveForCJSWithHooks","line":1093,"method":null,"native":false},{"column":25,"file":"node:internal/modules/cjs/loader","function":"Module._load","line":1261,"method":"_load","native":false},{"column":19,"file":"node:internal/modules/cjs/loader","function":"wrapModuleLoad","line":255,"method":null,"native":false},{"column":12,"file":"node:internal/modules/cjs/loader","function":"Module.require","line":1575,"method":"require","native":false},{"column":16,"file":"node:internal/modules/helpers","function":"require","line":191,"method":null,"native":false},{"column":22,"file":"/home/philip/beavers/beavers-backend/services/notification.service.js","function":null,"line":4,"method":null,"native":false},{"column":14,"file":"node:internal/modules/cjs/loader","function":"Module._compile","line":1829,"method":"_compile","native":false}]}
2026-05-13 13:24:41 [ERROR]: uncaughtException: Cannot find module 'configurations/beaver-works-firebase.json'
Require stack:
- /home/philip/beavers/beavers-backend/services/notification.service.js
- /home/philip/beavers/beavers-backend/services/auth.service.js
- /home/philip/beavers/beavers-backend/controllers/auth.controller.js
- /home/philip/beavers/beavers-backend/routes/auth.routes.js
- /home/philip/beavers/beavers-backend/server.js
Error: Cannot find module 'configurations/beaver-works-firebase.json'
Require stack:
- /home/philip/beavers/beavers-backend/services/notification.service.js
- /home/philip/beavers/beavers-backend/services/auth.service.js
- /home/philip/beavers/beavers-backend/controllers/auth.controller.js
- /home/philip/beavers/beavers-backend/routes/auth.routes.js
- /home/philip/beavers/beavers-backend/server.js
    at Module._resolveFilename (node:internal/modules/cjs/loader:1475:15)
    at wrapResolveFilename (node:internal/modules/cjs/loader:1048:27)
    at defaultResolveImplForCJSLoading (node:internal/modules/cjs/loader:1072:10)
    at resolveForCJSWithHooks (node:internal/modules/cjs/loader:1093:12)
    at Module._load (node:internal/modules/cjs/loader:1261:25)
    at wrapModuleLoad (node:internal/modules/cjs/loader:255:19)
    at Module.require (node:internal/modules/cjs/loader:1575:12)
    at require (node:internal/modules/helpers:191:16)
    at Object.<anonymous> (/home/philip/beavers/beavers-backend/services/notification.service.js:4:22)
    at Module._compile (node:internal/modules/cjs/loader:1829:14) {"error":{"code":"MODULE_NOT_FOUND","requireStack":["/home/philip/beavers/beavers-backend/services/notification.service.js","/home/philip/beavers/beavers-backend/services/auth.service.js","/home/philip/beavers/beavers-backend/controllers/auth.controller.js","/home/philip/beavers/beavers-backend/routes/auth.routes.js","/home/philip/beavers/beavers-backend/server.js"]},"stack":"Error: Cannot find module 'configurations/beaver-works-firebase.json'\nRequire stack:\n- /home/philip/beavers/beavers-backend/services/notification.service.js\n- /home/philip/beavers/beavers-backend/services/auth.service.js\n- /home/philip/beavers/beavers-backend/controllers/auth.controller.js\n- /home/philip/beavers/beavers-backend/routes/auth.routes.js\n- /home/philip/beavers/beavers-backend/server.js\n    at Module._resolveFilename (node:internal/modules/cjs/loader:1475:15)\n    at wrapResolveFilename (node:internal/modules/cjs/loader:1048:27)\n    at defaultResolveImplForCJSLoading (node:internal/modules/cjs/loader:1072:10)\n    at resolveForCJSWithHooks (node:internal/modules/cjs/loader:1093:12)\n    at Module._load (node:internal/modules/cjs/loader:1261:25)\n    at wrapModuleLoad (node:internal/modules/cjs/loader:255:19)\n    at Module.require (node:internal/modules/cjs/loader:1575:12)\n    at require (node:internal/modules/helpers:191:16)\n    at Object.<anonymous> (/home/philip/beavers/beavers-backend/services/notification.service.js:4:22)\n    at Module._compile (node:internal/modules/cjs/loader:1829:14)","exception":true,"date":"Wed May 13 2026 13:24:41 GMT+0100 (West Africa Time)","process":{"pid":215153,"uid":1000,"gid":1000,"cwd":"/home/philip/beavers/beavers-backend","execPath":"/home/philip/.nvm/versions/node/v25.9.0/bin/node","version":"v25.9.0","argv":["/home/philip/.nvm/versions/node/v25.9.0/bin/node","/home/philip/beavers/beavers-backend/server.js"],"memoryUsage":{"rss":99016704,"heapTotal":38543360,"heapUsed":28047392,"external":3823739,"arrayBuffers":64802}},"os":{"loadavg":[5.17,4.08,3.87],"uptime":94017.57},"trace":[{"column":15,"file":"node:internal/modules/cjs/loader","function":"Module._resolveFilename","line":1475,"method":"_resolveFilename","native":false},{"column":27,"file":"node:internal/modules/cjs/loader","function":"wrapResolveFilename","line":1048,"method":null,"native":false},{"column":10,"file":"node:internal/modules/cjs/loader","function":"defaultResolveImplForCJSLoading","line":1072,"method":null,"native":false},{"column":12,"file":"node:internal/modules/cjs/loader","function":"resolveForCJSWithHooks","line":1093,"method":null,"native":false},{"column":25,"file":"node:internal/modules/cjs/loader","function":"Module._load","line":1261,"method":"_load","native":false},{"column":19,"file":"node:internal/modules/cjs/loader","function":"wrapModuleLoad","line":255,"method":null,"native":false},{"column":12,"file":"node:internal/modules/cjs/loader","function":"Module.require","line":1575,"method":"require","native":false},{"column":16,"file":"node:internal/modules/helpers","function":"require","line":191,"method":null,"native":false},{"column":22,"file":"/home/philip/beavers/beavers-backend/services/notification.service.js","function":null,"line":4,"method":null,"native":false},{"column":14,"file":"node:internal/modules/cjs/loader","function":"Module._compile","line":1829,"method":"_compile","native":false}]}
2026-05-13 13:24:54 [ERROR]: uncaughtException: Cannot find module 'configurations/beaver-works-firebase.json'
Require stack:
- /home/philip/beavers/beavers-backend/services/notification.service.js
- /home/philip/beavers/beavers-backend/services/auth.service.js
- /home/philip/beavers/beavers-backend/controllers/auth.controller.js
- /home/philip/beavers/beavers-backend/routes/auth.routes.js
- /home/philip/beavers/beavers-backend/server.js
Error: Cannot find module 'configurations/beaver-works-firebase.json'
Require stack:
- /home/philip/beavers/beavers-backend/services/notification.service.js
- /home/philip/beavers/beavers-backend/services/auth.service.js
- /home/philip/beavers/beavers-backend/controllers/auth.controller.js
- /home/philip/beavers/beavers-backend/routes/auth.routes.js
- /home/philip/beavers/beavers-backend/server.js
    at Module._resolveFilename (node:internal/modules/cjs/loader:1475:15)
    at wrapResolveFilename (node:internal/modules/cjs/loader:1048:27)
    at defaultResolveImplForCJSLoading (node:internal/modules/cjs/loader:1072:10)
    at resolveForCJSWithHooks (node:internal/modules/cjs/loader:1093:12)
    at Module._load (node:internal/modules/cjs/loader:1261:25)
    at wrapModuleLoad (node:internal/modules/cjs/loader:255:19)
    at Module.require (node:internal/modules/cjs/loader:1575:12)
    at require (node:internal/modules/helpers:191:16)
    at Object.<anonymous> (/home/philip/beavers/beavers-backend/services/notification.service.js:4:24)
    at Module._compile (node:internal/modules/cjs/loader:1829:14) {"error":{"code":"MODULE_NOT_FOUND","requireStack":["/home/philip/beavers/beavers-backend/services/notification.service.js","/home/philip/beavers/beavers-backend/services/auth.service.js","/home/philip/beavers/beavers-backend/controllers/auth.controller.js","/home/philip/beavers/beavers-backend/routes/auth.routes.js","/home/philip/beavers/beavers-backend/server.js"]},"stack":"Error: Cannot find module 'configurations/beaver-works-firebase.json'\nRequire stack:\n- /home/philip/beavers/beavers-backend/services/notification.service.js\n- /home/philip/beavers/beavers-backend/services/auth.service.js\n- /home/philip/beavers/beavers-backend/controllers/auth.controller.js\n- /home/philip/beavers/beavers-backend/routes/auth.routes.js\n- /home/philip/beavers/beavers-backend/server.js\n    at Module._resolveFilename (node:internal/modules/cjs/loader:1475:15)\n    at wrapResolveFilename (node:internal/modules/cjs/loader:1048:27)\n    at defaultResolveImplForCJSLoading (node:internal/modules/cjs/loader:1072:10)\n    at resolveForCJSWithHooks (node:internal/modules/cjs/loader:1093:12)\n    at Module._load (node:internal/modules/cjs/loader:1261:25)\n    at wrapModuleLoad (node:internal/modules/cjs/loader:255:19)\n    at Module.require (node:internal/modules/cjs/loader:1575:12)\n    at require (node:internal/modules/helpers:191:16)\n    at Object.<anonymous> (/home/philip/beavers/beavers-backend/services/notification.service.js:4:24)\n    at Module._compile (node:internal/modules/cjs/loader:1829:14)","exception":true,"date":"Wed May 13 2026 13:24:54 GMT+0100 (West Africa Time)","process":{"pid":215325,"uid":1000,"gid":1000,"cwd":"/home/philip/beavers/beavers-backend","execPath":"/home/philip/.nvm/versions/node/v25.9.0/bin/node","version":"v25.9.0","argv":["/home/philip/.nvm/versions/node/v25.9.0/bin/node","/home/philip/beavers/beavers-backend/server.js"],"memoryUsage":{"rss":96292864,"heapTotal":35397632,"heapUsed":29287744,"external":3823739,"arrayBuffers":64802}},"os":{"loadavg":[4.75,4.02,3.85],"uptime":94031.12},"trace":[{"column":15,"file":"node:internal/modules/cjs/loader","function":"Module._resolveFilename","line":1475,"method":"_resolveFilename","native":false},{"column":27,"file":"node:internal/modules/cjs/loader","function":"wrapResolveFilename","line":1048,"method":null,"native":false},{"column":10,"file":"node:internal/modules/cjs/loader","function":"defaultResolveImplForCJSLoading","line":1072,"method":null,"native":false},{"column":12,"file":"node:internal/modules/cjs/loader","function":"resolveForCJSWithHooks","line":1093,"method":null,"native":false},{"column":25,"file":"node:internal/modules/cjs/loader","function":"Module._load","line":1261,"method":"_load","native":false},{"column":19,"file":"node:internal/modules/cjs/loader","function":"wrapModuleLoad","line":255,"method":null,"native":false},{"column":12,"file":"node:internal/modules/cjs/loader","function":"Module.require","line":1575,"method":"require","native":false},{"column":16,"file":"node:internal/modules/helpers","function":"require","line":191,"method":null,"native":false},{"column":24,"file":"/home/philip/beavers/beavers-backend/services/notification.service.js","function":null,"line":4,"method":null,"native":false},{"column":14,"file":"node:internal/modules/cjs/loader","function":"Module._compile","line":1829,"method":"_compile","native":false}]}
2026-05-13 13:25:56 [ERROR]: uncaughtException: Unexpected token ';'
/home/philip/beavers/beavers-backend/services/notification.service.js:17
        credential: admin.credential.cert(serviceAccount);
                                                         ^

SyntaxError: Unexpected token ';'
    at wrapSafe (node:internal/modules/cjs/loader:1762:18)
    at Module._compile (node:internal/modules/cjs/loader:1803:20)
    at Object..js (node:internal/modules/cjs/loader:1969:10)
    at Module.load (node:internal/modules/cjs/loader:1552:32)
    at Module._load (node:internal/modules/cjs/loader:1354:12)
    at wrapModuleLoad (node:internal/modules/cjs/loader:255:19)
    at Module.require (node:internal/modules/cjs/loader:1575:12)
    at require (node:internal/modules/helpers:191:16)
    at Object.<anonymous> (/home/philip/beavers/beavers-backend/services/auth.service.js:7:32)
    at Module._compile (node:internal/modules/cjs/loader:1829:14) {"error":{},"stack":"/home/philip/beavers/beavers-backend/services/notification.service.js:17\n        credential: admin.credential.cert(serviceAccount);\n                                                         ^\n\nSyntaxError: Unexpected token ';'\n    at wrapSafe (node:internal/modules/cjs/loader:1762:18)\n    at Module._compile (node:internal/modules/cjs/loader:1803:20)\n    at Object..js (node:internal/modules/cjs/loader:1969:10)\n    at Module.load (node:internal/modules/cjs/loader:1552:32)\n    at Module._load (node:internal/modules/cjs/loader:1354:12)\n    at wrapModuleLoad (node:internal/modules/cjs/loader:255:19)\n    at Module.require (node:internal/modules/cjs/loader:1575:12)\n    at require (node:internal/modules/helpers:191:16)\n    at Object.<anonymous> (/home/philip/beavers/beavers-backend/services/auth.service.js:7:32)\n    at Module._compile (node:internal/modules/cjs/loader:1829:14)","exception":true,"date":"Wed May 13 2026 13:25:56 GMT+0100 (West Africa Time)","process":{"pid":215984,"uid":1000,"gid":1000,"cwd":"/home/philip/beavers/beavers-backend","execPath":"/home/philip/.nvm/versions/node/v25.9.0/bin/node","version":"v25.9.0","argv":["/home/philip/.nvm/versions/node/v25.9.0/bin/node","/home/philip/beavers/beavers-backend/server.js"],"memoryUsage":{"rss":90714112,"heapTotal":32686080,"heapUsed":19791208,"external":2636193,"arrayBuffers":64124}},"os":{"loadavg":[3.78,3.82,3.79],"uptime":94093.38},"trace":[{"column":18,"file":"node:internal/modules/cjs/loader","function":"wrapSafe","line":1762,"method":null,"native":false},{"column":20,"file":"node:internal/modules/cjs/loader","function":"Module._compile","line":1803,"method":"_compile","native":false},{"column":10,"file":"node:internal/modules/cjs/loader","function":"Object..js","line":1969,"method":".js","native":false},{"column":32,"file":"node:internal/modules/cjs/loader","function":"Module.load","line":1552,"method":"load","native":false},{"column":12,"file":"node:internal/modules/cjs/loader","function":"Module._load","line":1354,"method":"_load","native":false},{"column":19,"file":"node:internal/modules/cjs/loader","function":"wrapModuleLoad","line":255,"method":null,"native":false},{"column":12,"file":"node:internal/modules/cjs/loader","function":"Module.require","line":1575,"method":"require","native":false},{"column":16,"file":"node:internal/modules/helpers","function":"require","line":191,"method":null,"native":false},{"column":32,"file":"/home/philip/beavers/beavers-backend/services/auth.service.js","function":null,"line":7,"method":null,"native":false},{"column":14,"file":"node:internal/modules/cjs/loader","function":"Module._compile","line":1829,"method":"_compile","native":false}]}
2026-05-13 13:26:14 [ERROR]: uncaughtException: Unexpected token ';'
/home/philip/beavers/beavers-backend/services/notification.service.js:17
        credential: admin.credential.cert(serviceAccount);
                                                         ^

SyntaxError: Unexpected token ';'
    at wrapSafe (node:internal/modules/cjs/loader:1762:18)
    at Module._compile (node:internal/modules/cjs/loader:1803:20)
    at Object..js (node:internal/modules/cjs/loader:1969:10)
    at Module.load (node:internal/modules/cjs/loader:1552:32)
    at Module._load (node:internal/modules/cjs/loader:1354:12)
    at wrapModuleLoad (node:internal/modules/cjs/loader:255:19)
    at Module.require (node:internal/modules/cjs/loader:1575:12)
    at require (node:internal/modules/helpers:191:16)
    at Object.<anonymous> (/home/philip/beavers/beavers-backend/services/auth.service.js:7:32)
    at Module._compile (node:internal/modules/cjs/loader:1829:14) {"error":{},"stack":"/home/philip/beavers/beavers-backend/services/notification.service.js:17\n        credential: admin.credential.cert(serviceAccount);\n                                                         ^\n\nSyntaxError: Unexpected token ';'\n    at wrapSafe (node:internal/modules/cjs/loader:1762:18)\n    at Module._compile (node:internal/modules/cjs/loader:1803:20)\n    at Object..js (node:internal/modules/cjs/loader:1969:10)\n    at Module.load (node:internal/modules/cjs/loader:1552:32)\n    at Module._load (node:internal/modules/cjs/loader:1354:12)\n    at wrapModuleLoad (node:internal/modules/cjs/loader:255:19)\n    at Module.require (node:internal/modules/cjs/loader:1575:12)\n    at require (node:internal/modules/helpers:191:16)\n    at Object.<anonymous> (/home/philip/beavers/beavers-backend/services/auth.service.js:7:32)\n    at Module._compile (node:internal/modules/cjs/loader:1829:14)","exception":true,"date":"Wed May 13 2026 13:26:14 GMT+0100 (West Africa Time)","process":{"pid":216139,"uid":1000,"gid":1000,"cwd":"/home/philip/beavers/beavers-backend","execPath":"/home/philip/.nvm/versions/node/v25.9.0/bin/node","version":"v25.9.0","argv":["/home/philip/.nvm/versions/node/v25.9.0/bin/node","/home/philip/beavers/beavers-backend/server.js"],"memoryUsage":{"rss":95432704,"heapTotal":36618240,"heapUsed":18641528,"external":2636193,"arrayBuffers":64124}},"os":{"loadavg":[3.01,3.65,3.73],"uptime":94111.45},"trace":[{"column":18,"file":"node:internal/modules/cjs/loader","function":"wrapSafe","line":1762,"method":null,"native":false},{"column":20,"file":"node:internal/modules/cjs/loader","function":"Module._compile","line":1803,"method":"_compile","native":false},{"column":10,"file":"node:internal/modules/cjs/loader","function":"Object..js","line":1969,"method":".js","native":false},{"column":32,"file":"node:internal/modules/cjs/loader","function":"Module.load","line":1552,"method":"load","native":false},{"column":12,"file":"node:internal/modules/cjs/loader","function":"Module._load","line":1354,"method":"_load","native":false},{"column":19,"file":"node:internal/modules/cjs/loader","function":"wrapModuleLoad","line":255,"method":null,"native":false},{"column":12,"file":"node:internal/modules/cjs/loader","function":"Module.require","line":1575,"method":"require","native":false},{"column":16,"file":"node:internal/modules/helpers","function":"require","line":191,"method":null,"native":false},{"column":32,"file":"/home/philip/beavers/beavers-backend/services/auth.service.js","function":null,"line":7,"method":null,"native":false},{"column":14,"file":"node:internal/modules/cjs/loader","function":"Module._compile","line":1829,"method":"_compile","native":false}]}
2026-05-13 13:26:17 [ERROR]: uncaughtException: Unexpected token ';'
/home/philip/beavers/beavers-backend/services/notification.service.js:17
        credential: admin.credential.cert(serviceAccount);
                                                         ^

SyntaxError: Unexpected token ';'
    at wrapSafe (node:internal/modules/cjs/loader:1762:18)
    at Module._compile (node:internal/modules/cjs/loader:1803:20)
    at Object..js (node:internal/modules/cjs/loader:1969:10)
    at Module.load (node:internal/modules/cjs/loader:1552:32)
    at Module._load (node:internal/modules/cjs/loader:1354:12)
    at wrapModuleLoad (node:internal/modules/cjs/loader:255:19)
    at Module.require (node:internal/modules/cjs/loader:1575:12)
    at require (node:internal/modules/helpers:191:16)
    at Object.<anonymous> (/home/philip/beavers/beavers-backend/services/auth.service.js:7:32)
    at Module._compile (node:internal/modules/cjs/loader:1829:14) {"error":{},"stack":"/home/philip/beavers/beavers-backend/services/notification.service.js:17\n        credential: admin.credential.cert(serviceAccount);\n                                                         ^\n\nSyntaxError: Unexpected token ';'\n    at wrapSafe (node:internal/modules/cjs/loader:1762:18)\n    at Module._compile (node:internal/modules/cjs/loader:1803:20)\n    at Object..js (node:internal/modules/cjs/loader:1969:10)\n    at Module.load (node:internal/modules/cjs/loader:1552:32)\n    at Module._load (node:internal/modules/cjs/loader:1354:12)\n    at wrapModuleLoad (node:internal/modules/cjs/loader:255:19)\n    at Module.require (node:internal/modules/cjs/loader:1575:12)\n    at require (node:internal/modules/helpers:191:16)\n    at Object.<anonymous> (/home/philip/beavers/beavers-backend/services/auth.service.js:7:32)\n    at Module._compile (node:internal/modules/cjs/loader:1829:14)","exception":true,"date":"Wed May 13 2026 13:26:17 GMT+0100 (West Africa Time)","process":{"pid":216190,"uid":1000,"gid":1000,"cwd":"/home/philip/beavers/beavers-backend","execPath":"/home/philip/.nvm/versions/node/v25.9.0/bin/node","version":"v25.9.0","argv":["/home/philip/.nvm/versions/node/v25.9.0/bin/node","/home/philip/beavers/beavers-backend/server.js"],"memoryUsage":{"rss":91906048,"heapTotal":32686080,"heapUsed":19883680,"external":2636193,"arrayBuffers":64124}},"os":{"loadavg":[2.85,3.6,3.72],"uptime":94114.38},"trace":[{"column":18,"file":"node:internal/modules/cjs/loader","function":"wrapSafe","line":1762,"method":null,"native":false},{"column":20,"file":"node:internal/modules/cjs/loader","function":"Module._compile","line":1803,"method":"_compile","native":false},{"column":10,"file":"node:internal/modules/cjs/loader","function":"Object..js","line":1969,"method":".js","native":false},{"column":32,"file":"node:internal/modules/cjs/loader","function":"Module.load","line":1552,"method":"load","native":false},{"column":12,"file":"node:internal/modules/cjs/loader","function":"Module._load","line":1354,"method":"_load","native":false},{"column":19,"file":"node:internal/modules/cjs/loader","function":"wrapModuleLoad","line":255,"method":null,"native":false},{"column":12,"file":"node:internal/modules/cjs/loader","function":"Module.require","line":1575,"method":"require","native":false},{"column":16,"file":"node:internal/modules/helpers","function":"require","line":191,"method":null,"native":false},{"column":32,"file":"/home/philip/beavers/beavers-backend/services/auth.service.js","function":null,"line":7,"method":null,"native":false},{"column":14,"file":"node:internal/modules/cjs/loader","function":"Module._compile","line":1829,"method":"_compile","native":false}]}
2026-05-13 13:26:18 [ERROR]: uncaughtException: Unexpected token ';'
/home/philip/beavers/beavers-backend/services/notification.service.js:17
        credential: admin.credential.cert(serviceAccount);
                                                         ^

SyntaxError: Unexpected token ';'
    at wrapSafe (node:internal/modules/cjs/loader:1762:18)
    at Module._compile (node:internal/modules/cjs/loader:1803:20)
    at Object..js (node:internal/modules/cjs/loader:1969:10)
    at Module.load (node:internal/modules/cjs/loader:1552:32)
    at Module._load (node:internal/modules/cjs/loader:1354:12)
    at wrapModuleLoad (node:internal/modules/cjs/loader:255:19)
    at Module.require (node:internal/modules/cjs/loader:1575:12)
    at require (node:internal/modules/helpers:191:16)
    at Object.<anonymous> (/home/philip/beavers/beavers-backend/services/auth.service.js:7:32)
    at Module._compile (node:internal/modules/cjs/loader:1829:14) {"error":{},"stack":"/home/philip/beavers/beavers-backend/services/notification.service.js:17\n        credential: admin.credential.cert(serviceAccount);\n                                                         ^\n\nSyntaxError: Unexpected token ';'\n    at wrapSafe (node:internal/modules/cjs/loader:1762:18)\n    at Module._compile (node:internal/modules/cjs/loader:1803:20)\n    at Object..js (node:internal/modules/cjs/loader:1969:10)\n    at Module.load (node:internal/modules/cjs/loader:1552:32)\n    at Module._load (node:internal/modules/cjs/loader:1354:12)\n    at wrapModuleLoad (node:internal/modules/cjs/loader:255:19)\n    at Module.require (node:internal/modules/cjs/loader:1575:12)\n    at require (node:internal/modules/helpers:191:16)\n    at Object.<anonymous> (/home/philip/beavers/beavers-backend/services/auth.service.js:7:32)\n    at Module._compile (node:internal/modules/cjs/loader:1829:14)","exception":true,"date":"Wed May 13 2026 13:26:18 GMT+0100 (West Africa Time)","process":{"pid":216202,"uid":1000,"gid":1000,"cwd":"/home/philip/beavers/beavers-backend","execPath":"/home/philip/.nvm/versions/node/v25.9.0/bin/node","version":"v25.9.0","argv":["/home/philip/.nvm/versions/node/v25.9.0/bin/node","/home/philip/beavers/beavers-backend/server.js"],"memoryUsage":{"rss":95985664,"heapTotal":36618240,"heapUsed":18656952,"external":2636193,"arrayBuffers":64124}},"os":{"loadavg":[2.85,3.6,3.72],"uptime":94115.48},"trace":[{"column":18,"file":"node:internal/modules/cjs/loader","function":"wrapSafe","line":1762,"method":null,"native":false},{"column":20,"file":"node:internal/modules/cjs/loader","function":"Module._compile","line":1803,"method":"_compile","native":false},{"column":10,"file":"node:internal/modules/cjs/loader","function":"Object..js","line":1969,"method":".js","native":false},{"column":32,"file":"node:internal/modules/cjs/loader","function":"Module.load","line":1552,"method":"load","native":false},{"column":12,"file":"node:internal/modules/cjs/loader","function":"Module._load","line":1354,"method":"_load","native":false},{"column":19,"file":"node:internal/modules/cjs/loader","function":"wrapModuleLoad","line":255,"method":null,"native":false},{"column":12,"file":"node:internal/modules/cjs/loader","function":"Module.require","line":1575,"method":"require","native":false},{"column":16,"file":"node:internal/modules/helpers","function":"require","line":191,"method":null,"native":false},{"column":32,"file":"/home/philip/beavers/beavers-backend/services/auth.service.js","function":null,"line":7,"method":null,"native":false},{"column":14,"file":"node:internal/modules/cjs/loader","function":"Module._compile","line":1829,"method":"_compile","native":false}]}
2026-05-13 14:42:12 [ERROR]: uncaughtException: EIO: i/o error, write
Error: EIO: i/o error, write
    at writeSync (node:fs:912:3)
    at SyncWriteStream._write (node:internal/fs/sync_write_stream:27:5)
    at writeOrBuffer (node:internal/streams/writable:570:12)
    at _write (node:internal/streams/writable:499:10)
    at Writable.write (node:internal/streams/writable:508:10)
    at Console.log (/home/philip/beavers/beavers-backend/node_modules/winston/lib/winston/transports/console.js:87:23)
    at Console._write (/home/philip/beavers/beavers-backend/node_modules/winston-transport/modern.js:103:17)
    at doWrite (/home/philip/beavers/beavers-backend/node_modules/readable-stream/lib/_stream_writable.js:390:139)
    at writeOrBuffer (/home/philip/beavers/beavers-backend/node_modules/readable-stream/lib/_stream_writable.js:381:5)
    at Writable.write (/home/philip/beavers/beavers-backend/node_modules/readable-stream/lib/_stream_writable.js:302:11) {"error":{"errno":-5,"syscall":"write","code":"EIO"},"stack":"Error: EIO: i/o error, write\n    at writeSync (node:fs:912:3)\n    at SyncWriteStream._write (node:internal/fs/sync_write_stream:27:5)\n    at writeOrBuffer (node:internal/streams/writable:570:12)\n    at _write (node:internal/streams/writable:499:10)\n    at Writable.write (node:internal/streams/writable:508:10)\n    at Console.log (/home/philip/beavers/beavers-backend/node_modules/winston/lib/winston/transports/console.js:87:23)\n    at Console._write (/home/philip/beavers/beavers-backend/node_modules/winston-transport/modern.js:103:17)\n    at doWrite (/home/philip/beavers/beavers-backend/node_modules/readable-stream/lib/_stream_writable.js:390:139)\n    at writeOrBuffer (/home/philip/beavers/beavers-backend/node_modules/readable-stream/lib/_stream_writable.js:381:5)\n    at Writable.write (/home/philip/beavers/beavers-backend/node_modules/readable-stream/lib/_stream_writable.js:302:11)","exception":true,"date":"Wed May 13 2026 14:42:11 GMT+0100 (West Africa Time)","process":{"pid":240071,"uid":1000,"gid":1000,"cwd":"/home/philip/beavers/beavers-backend","execPath":"/home/philip/.nvm/versions/node/v25.9.0/bin/node","version":"v25.9.0","argv":["/home/philip/.nvm/versions/node/v25.9.0/bin/node","/home/philip/beavers/beavers-backend/server.js"],"memoryUsage":{"rss":123523072,"heapTotal":53870592,"heapUsed":46818016,"external":4536324,"arrayBuffers":776286}},"os":{"loadavg":[23.64,11.7,5.87],"uptime":98669.27},"trace":[{"column":3,"file":"node:fs","function":"writeSync","line":912,"method":null,"native":false},{"column":5,"file":"node:internal/fs/sync_write_stream","function":"SyncWriteStream._write","line":27,"method":"_write","native":false},{"column":12,"file":"node:internal/streams/writable","function":"writeOrBuffer","line":570,"method":null,"native":false},{"column":10,"file":"node:internal/streams/writable","function":"_write","line":499,"method":null,"native":false},{"column":10,"file":"node:internal/streams/writable","function":"Writable.write","line":508,"method":"write","native":false},{"column":23,"file":"/home/philip/beavers/beavers-backend/node_modules/winston/lib/winston/transports/console.js","function":"Console.log","line":87,"method":"log","native":false},{"column":17,"file":"/home/philip/beavers/beavers-backend/node_modules/winston-transport/modern.js","function":"Console._write","line":103,"method":"_write","native":false},{"column":139,"file":"/home/philip/beavers/beavers-backend/node_modules/readable-stream/lib/_stream_writable.js","function":"doWrite","line":390,"method":null,"native":false},{"column":5,"file":"/home/philip/beavers/beavers-backend/node_modules/readable-stream/lib/_stream_writable.js","function":"writeOrBuffer","line":381,"method":null,"native":false},{"column":11,"file":"/home/philip/beavers/beavers-backend/node_modules/readable-stream/lib/_stream_writable.js","function":"Writable.write","line":302,"method":"write","native":false}]}
2026-05-13 17:20:16 [ERROR]: uncaughtException: EIO: i/o error, write
Error: EIO: i/o error, write
    at writeSync (node:fs:912:3)
    at SyncWriteStream._write (node:internal/fs/sync_write_stream:27:5)
    at writeOrBuffer (node:internal/streams/writable:570:12)
    at _write (node:internal/streams/writable:499:10)
    at Writable.write (node:internal/streams/writable:508:10)
    at Console.log (/home/philip/beavers/beavers-backend/node_modules/winston/lib/winston/transports/console.js:87:23)
    at Console._write (/home/philip/beavers/beavers-backend/node_modules/winston-transport/modern.js:103:17)
    at doWrite (/home/philip/beavers/beavers-backend/node_modules/readable-stream/lib/_stream_writable.js:390:139)
    at writeOrBuffer (/home/philip/beavers/beavers-backend/node_modules/readable-stream/lib/_stream_writable.js:381:5)
    at Writable.write (/home/philip/beavers/beavers-backend/node_modules/readable-stream/lib/_stream_writable.js:302:11) {"error":{"errno":-5,"syscall":"write","code":"EIO"},"stack":"Error: EIO: i/o error, write\n    at writeSync (node:fs:912:3)\n    at SyncWriteStream._write (node:internal/fs/sync_write_stream:27:5)\n    at writeOrBuffer (node:internal/streams/writable:570:12)\n    at _write (node:internal/streams/writable:499:10)\n    at Writable.write (node:internal/streams/writable:508:10)\n    at Console.log (/home/philip/beavers/beavers-backend/node_modules/winston/lib/winston/transports/console.js:87:23)\n    at Console._write (/home/philip/beavers/beavers-backend/node_modules/winston-transport/modern.js:103:17)\n    at doWrite (/home/philip/beavers/beavers-backend/node_modules/readable-stream/lib/_stream_writable.js:390:139)\n    at writeOrBuffer (/home/philip/beavers/beavers-backend/node_modules/readable-stream/lib/_stream_writable.js:381:5)\n    at Writable.write (/home/philip/beavers/beavers-backend/node_modules/readable-stream/lib/_stream_writable.js:302:11)","exception":true,"date":"Wed May 13 2026 17:20:16 GMT+0100 (West Africa Time)","process":{"pid":22344,"uid":1000,"gid":1000,"cwd":"/home/philip/beavers/beavers-backend","execPath":"/home/philip/.nvm/versions/node/v25.9.0/bin/node","version":"v25.9.0","argv":["/home/philip/.nvm/versions/node/v25.9.0/bin/node","/home/philip/beavers/beavers-backend/server.js"],"memoryUsage":{"rss":143183872,"heapTotal":71434240,"heapUsed":52835024,"external":4536324,"arrayBuffers":776286}},"os":{"loadavg":[4.23,1.69,1.71],"uptime":3128.87},"trace":[{"column":3,"file":"node:fs","function":"writeSync","line":912,"method":null,"native":false},{"column":5,"file":"node:internal/fs/sync_write_stream","function":"SyncWriteStream._write","line":27,"method":"_write","native":false},{"column":12,"file":"node:internal/streams/writable","function":"writeOrBuffer","line":570,"method":null,"native":false},{"column":10,"file":"node:internal/streams/writable","function":"_write","line":499,"method":null,"native":false},{"column":10,"file":"node:internal/streams/writable","function":"Writable.write","line":508,"method":"write","native":false},{"column":23,"file":"/home/philip/beavers/beavers-backend/node_modules/winston/lib/winston/transports/console.js","function":"Console.log","line":87,"method":"log","native":false},{"column":17,"file":"/home/philip/beavers/beavers-backend/node_modules/winston-transport/modern.js","function":"Console._write","line":103,"method":"_write","native":false},{"column":139,"file":"/home/philip/beavers/beavers-backend/node_modules/readable-stream/lib/_stream_writable.js","function":"doWrite","line":390,"method":null,"native":false},{"column":5,"file":"/home/philip/beavers/beavers-backend/node_modules/readable-stream/lib/_stream_writable.js","function":"writeOrBuffer","line":381,"method":null,"native":false},{"column":11,"file":"/home/philip/beavers/beavers-backend/node_modules/readable-stream/lib/_stream_writable.js","function":"Writable.write","line":302,"method":"write","native":false}]}
